Archive member included to satisfy reference by file (symbol)

/Applications/STM32CubeIDE.app/Contents/Eclipse/plugins/com.st.stm32cube.ide.mcu.externaltools.gnu-tools-for-stm32.12.3.rel1.macos64_1.0.200.202406191456/tools/bin/../lib/gcc/arm-none-eabi/12.3.1/../../../../arm-none-eabi/lib/thumb/v7e-m+fp/hard/libc_nano.a(libc_a-exit.o)
                              /Applications/STM32CubeIDE.app/Contents/Eclipse/plugins/com.st.stm32cube.ide.mcu.externaltools.gnu-tools-for-stm32.12.3.rel1.macos64_1.0.200.202406191456/tools/bin/../lib/gcc/arm-none-eabi/12.3.1/../../../../arm-none-eabi/lib/thumb/v7e-m+fp/hard/crt0.o (exit)
/Applications/STM32CubeIDE.app/Contents/Eclipse/plugins/com.st.stm32cube.ide.mcu.externaltools.gnu-tools-for-stm32.12.3.rel1.macos64_1.0.200.202406191456/tools/bin/../lib/gcc/arm-none-eabi/12.3.1/../../../../arm-none-eabi/lib/thumb/v7e-m+fp/hard/libc_nano.a(libc_a-nano-vfprintf_float.o)
                              (_printf_float)
/Applications/STM32CubeIDE.app/Contents/Eclipse/plugins/com.st.stm32cube.ide.mcu.externaltools.gnu-tools-for-stm32.12.3.rel1.macos64_1.0.200.202406191456/tools/bin/../lib/gcc/arm-none-eabi/12.3.1/../../../../arm-none-eabi/lib/thumb/v7e-m+fp/hard/libc_nano.a(libc_a-nano-vfprintf_i.o)
                              /Applications/STM32CubeIDE.app/Contents/Eclipse/plugins/com.st.stm32cube.ide.mcu.externaltools.gnu-tools-for-stm32.12.3.rel1.macos64_1.0.200.202406191456/tools/bin/../lib/gcc/arm-none-eabi/12.3.1/../../../../arm-none-eabi/lib/thumb/v7e-m+fp/hard/libc_nano.a(libc_a-nano-vfprintf_float.o) (_printf_common)
/Applications/STM32CubeIDE.app/Contents/Eclipse/plugins/com.st.stm32cube.ide.mcu.externaltools.gnu-tools-for-stm32.12.3.rel1.macos64_1.0.200.202406191456/tools/bin/../lib/gcc/arm-none-eabi/12.3.1/../../../../arm-none-eabi/lib/thumb/v7e-m+fp/hard/libc_nano.a(libc_a-nano-vfscanf_float.o)
                              (_scanf_float)
/Applications/STM32CubeIDE.app/Contents/Eclipse/plugins/com.st.stm32cube.ide.mcu.externaltools.gnu-tools-for-stm32.12.3.rel1.macos64_1.0.200.202406191456/tools/bin/../lib/gcc/arm-none-eabi/12.3.1/../../../../arm-none-eabi/lib/thumb/v7e-m+fp/hard/libc_nano.a(libc_a-sprintf.o)
                              /Applications/STM32CubeIDE.app/Contents/Eclipse/plugins/com.st.stm32cube.ide.mcu.externaltools.gnu-tools-for-stm32.12.3.rel1.macos64_1.0.200.202406191456/tools/bin/../lib/gcc/arm-none-eabi/12.3.1/../../../../arm-none-eabi/lib/thumb/v7e-m+fp/hard/libc_nano.a(libc_a-nano-vfscanf_float.o) (sprintf)
/Applications/STM32CubeIDE.app/Contents/Eclipse/plugins/com.st.stm32cube.ide.mcu.externaltools.gnu-tools-for-stm32.12.3.rel1.macos64_1.0.200.202406191456/tools/bin/../lib/gcc/arm-none-eabi/12.3.1/../../../../arm-none-eabi/lib/thumb/v7e-m+fp/hard/libc_nano.a(libc_a-findfp.o)
                              /Applications/STM32CubeIDE.app/Contents/Eclipse/plugins/com.st.stm32cube.ide.mcu.externaltools.gnu-tools-for-stm32.12.3.rel1.macos64_1.0.200.202406191456/tools/bin/../lib/gcc/arm-none-eabi/12.3.1/../../../../arm-none-eabi/lib/thumb/v7e-m+fp/hard/libc_nano.a(libc_a-exit.o) (__stdio_exit_handler)
/Applications/STM32CubeIDE.app/Contents/Eclipse/plugins/com.st.stm32cube.ide.mcu.externaltools.gnu-tools-for-stm32.12.3.rel1.macos64_1.0.200.202406191456/tools/bin/../lib/gcc/arm-none-eabi/12.3.1/../../../../arm-none-eabi/lib/thumb/v7e-m+fp/hard/libc_nano.a(libc_a-strtod.o)
                              /Applications/STM32CubeIDE.app/Contents/Eclipse/plugins/com.st.stm32cube.ide.mcu.externaltools.gnu-tools-for-stm32.12.3.rel1.macos64_1.0.200.202406191456/tools/bin/../lib/gcc/arm-none-eabi/12.3.1/../../../../arm-none-eabi/lib/thumb/v7e-m+fp/hard/libc_nano.a(libc_a-nano-vfscanf_float.o) (_strtod_r)
/Applications/STM32CubeIDE.app/Contents/Eclipse/plugins/com.st.stm32cube.ide.mcu.externaltools.gnu-tools-for-stm32.12.3.rel1.macos64_1.0.200.202406191456/tools/bin/../lib/gcc/arm-none-eabi/12.3.1/../../../../arm-none-eabi/lib/thumb/v7e-m+fp/hard/libc_nano.a(libc_a-strtol.o)
                              /Applications/STM32CubeIDE.app/Contents/Eclipse/plugins/com.st.stm32cube.ide.mcu.externaltools.gnu-tools-for-stm32.12.3.rel1.macos64_1.0.200.202406191456/tools/bin/../lib/gcc/arm-none-eabi/12.3.1/../../../../arm-none-eabi/lib/thumb/v7e-m+fp/hard/libc_nano.a(libc_a-nano-vfscanf_float.o) (_strtol_r)
/Applications/STM32CubeIDE.app/Contents/Eclipse/plugins/com.st.stm32cube.ide.mcu.externaltools.gnu-tools-for-stm32.12.3.rel1.macos64_1.0.200.202406191456/tools/bin/../lib/gcc/arm-none-eabi/12.3.1/../../../../arm-none-eabi/lib/thumb/v7e-m+fp/hard/libc_nano.a(libc_a-fwalk.o)
                              /Applications/STM32CubeIDE.app/Contents/Eclipse/plugins/com.st.stm32cube.ide.mcu.externaltools.gnu-tools-for-stm32.12.3.rel1.macos64_1.0.200.202406191456/tools/bin/../lib/gcc/arm-none-eabi/12.3.1/../../../../arm-none-eabi/lib/thumb/v7e-m+fp/hard/libc_nano.a(libc_a-findfp.o) (_fwalk_sglue)
[...]
Memory Configuration

Name             Origin             Length             Attributes
RAM              0x20000000         0x000a0000         xrw
RAM2             0x10000000         0x00010000         xrw
RAM3             0x20040000         0x00060000         xrw
FLASH            0x08000000         0x00200000         xr
*default*        0x00000000         0xffffffff

Linker script and memory map

LOAD /Applications/STM32CubeIDE.app/Contents/Eclipse/plugins/com.st.stm32cube.ide.mcu.externaltools.gnu-tools-for-stm32.12.3.rel1.macos64_1.0.200.202406191456/tools/bin/../lib/gcc/arm-none-eabi/12.3.1/thumb/v7e-m+fp/hard/crti.o
LOAD /Applications/STM32CubeIDE.app/Contents/Eclipse/plugins/com.st.stm32cube.ide.mcu.externaltools.gnu-tools-for-stm32.12.3.rel1.macos64_1.0.200.202406191456/tools/bin/../lib/gcc/arm-none-eabi/12.3.1/thumb/v7e-m+fp/hard/crtbegin.o
LOAD /Applications/STM32CubeIDE.app/Contents/Eclipse/plugins/com.st.stm32cube.ide.mcu.externaltools.gnu-tools-for-stm32.12.3.rel1.macos64_1.0.200.202406191456/tools/bin/../lib/gcc/arm-none-eabi/12.3.1/../../../../arm-none-eabi/lib/thumb/v7e-m+fp/hard/crt0.o
LOAD ./Core/Src/freertos.o
LOAD ./Core/Src/main.o
LOAD ./Core/Src/stm32l4s5i_iot01.o
LOAD ./Core/Src/stm32l4s5i_iot01_accelero.o
LOAD ./Core/Src/stm32l4s5i_iot01_gyro.o
LOAD ./Core/Src/stm32l4s5i_iot01_hsensor.o
LOAD ./Core/Src/stm32l4s5i_iot01_magneto.o
LOAD ./Core/Src/stm32l4s5i_iot01_psensor.o
LOAD ./Core/Src/stm32l4s5i_iot01_tsensor.o
LOAD ./Core/Src/stm32l4xx_hal_msp.o
LOAD ./Core/Src/stm32l4xx_hal_timebase_tim.o
LOAD ./Core/Src/stm32l4xx_it.o
LOAD ./Core/Src/syscalls.o
LOAD ./Core/Src/sysmem.o
LOAD ./Core/Src/system_stm32l4xx.o
LOAD ./Core/Startup/startup_stm32l4s5vitx.o
LOAD ./Drivers/Components/cs42l51/cs42l51.o
LOAD ./Drivers/Components/cs43l22/cs43l22.o
LOAD ./Drivers/Components/cy8c4014lqi/cy8c4014lqi.o
LOAD ./Drivers/Components/ft3x67/ft3x67.o
LOAD ./Drivers/Components/ft5336/ft5336.o
LOAD ./Drivers/Components/ft6x06/ft6x06.o
LOAD ./Drivers/Components/hts221/hts221.o
LOAD ./Drivers/Components/hx8347g/hx8347g.o
LOAD ./Drivers/Components/hx8347i/hx8347i.o
LOAD ./Drivers/Components/l3gd20/l3gd20.o
LOAD ./Drivers/Components/lis3mdl/lis3mdl.o
LOAD ./Drivers/Components/lps22hb/lps22hb.o
LOAD ./Drivers/Components/ls016b8uy/ls016b8uy.o
LOAD ./Drivers/Components/lsm303c/lsm303c.o
LOAD ./Drivers/Components/lsm303dlhc/lsm303dlhc.o
LOAD ./Drivers/Components/lsm6dsl/lsm6dsl.o
LOAD ./Drivers/Components/m24sr/m24sr.o
LOAD ./Drivers/Components/mfxstm32l152/mfxstm32l152.o
LOAD ./Drivers/Components/ov9655/ov9655.o
LOAD ./Drivers/Components/st25dv/st25dv.o
LOAD ./Drivers/Components/st25dv/st25dv_reg.o
LOAD ./Drivers/Components/st7735/st7735.o
LOAD ./Drivers/Components/st7789h2/st7789h2.o
LOAD ./Drivers/Components/stmpe1600/stmpe1600.o
LOAD ./Drivers/Components/stmpe811/stmpe811.o
LOAD ./Drivers/Components/wm8994/wm8994.o
LOAD ./Drivers/STM32L4xx_HAL_Driver/Src/stm32l4xx_hal.o
LOAD ./Drivers/STM32L4xx_HAL_Driver/Src/stm32l4xx_hal_cortex.o
LOAD ./Drivers/STM32L4xx_HAL_Driver/Src/stm32l4xx_hal_dac.o
LOAD ./Drivers/STM32L4xx_HAL_Driver/Src/stm32l4xx_hal_dac_ex.o
LOAD ./Drivers/STM32L4xx_HAL_Driver/Src/stm32l4xx_hal_dma.o
LOAD ./Drivers/STM32L4xx_HAL_Driver/Src/stm32l4xx_hal_dma_ex.o
LOAD ./Drivers/STM32L4xx_HAL_Driver/Src/stm32l4xx_hal_exti.o
LOAD ./Drivers/STM32L4xx_HAL_Driver/Src/stm32l4xx_hal_flash.o
LOAD ./Drivers/STM32L4xx_HAL_Driver/Src/stm32l4xx_hal_flash_ex.o
LOAD ./Drivers/STM32L4xx_HAL_Driver/Src/stm32l4xx_hal_flash_ramfunc.o
LOAD ./Drivers/STM32L4xx_HAL_Driver/Src/stm32l4xx_hal_gpio.o
LOAD ./Drivers/STM32L4xx_HAL_Driver/Src/stm32l4xx_hal_i2c.o
LOAD ./Drivers/STM32L4xx_HAL_Driver/Src/stm32l4xx_hal_i2c_ex.o
LOAD ./Drivers/STM32L4xx_HAL_Driver/Src/stm32l4xx_hal_pwr.o
LOAD ./Drivers/STM32L4xx_HAL_Driver/Src/stm32l4xx_hal_pwr_ex.o
LOAD ./Drivers/STM32L4xx_HAL_Driver/Src/stm32l4xx_hal_rcc.o
LOAD ./Drivers/STM32L4xx_HAL_Driver/Src/stm32l4xx_hal_rcc_ex.o
LOAD ./Drivers/STM32L4xx_HAL_Driver/Src/stm32l4xx_hal_tim.o
LOAD ./Drivers/STM32L4xx_HAL_Driver/Src/stm32l4xx_hal_tim_ex.o
LOAD ./Drivers/STM32L4xx_HAL_Driver/Src/stm32l4xx_hal_uart.o
LOAD ./Drivers/STM32L4xx_HAL_Driver/Src/stm32l4xx_hal_uart_ex.o
LOAD ./Middlewares/Third_Party/FreeRTOS/Source/CMSIS_RTOS/cmsis_os.o
LOAD ./Middlewares/Third_Party/FreeRTOS/Source/croutine.o
LOAD ./Middlewares/Third_Party/FreeRTOS/Source/event_groups.o
LOAD ./Middlewares/Third_Party/FreeRTOS/Source/list.o
LOAD ./Middlewares/Third_Party/FreeRTOS/Source/queue.o
LOAD ./Middlewares/Third_Party/FreeRTOS/Source/stream_buffer.o
LOAD ./Middlewares/Third_Party/FreeRTOS/Source/tasks.o
LOAD ./Middlewares/Third_Party/FreeRTOS/Source/timers.o
LOAD ./Middlewares/Third_Party/FreeRTOS/Source/portable/GCC/ARM_CM4F/port.o
LOAD ./Middlewares/Third_Party/FreeRTOS/Source/portable/MemMang/heap_4.o
LOAD /Users/alexcattani/Desktop/ECSE-444-Final-Project-menu/Project_Final/Core/lib/libarm_cortexM4lf_math.a
START GROUP
LOAD /Applications/STM32CubeIDE.app/Contents/Eclipse/plugins/com.st.stm32cube.ide.mcu.externaltools.gnu-tools-for-stm32.12.3.rel1.macos64_1.0.200.202406191456/tools/bin/../lib/gcc/arm-none-eabi/12.3.1/../../../../arm-none-eabi/lib/thumb/v7e-m+fp/hard/libc_nano.a
LOAD /Applications/STM32CubeIDE.app/Contents/Eclipse/plugins/com.st.stm32cube.ide.mcu.externaltools.gnu-tools-for-stm32.12.3.rel1.macos64_1.0.200.202406191456/tools/bin/../lib/gcc/arm-none-eabi/12.3.1/../../../../arm-none-eabi/lib/thumb/v7e-m+fp/hard/libm.a
END GROUP
START GROUP
LOAD /Applications/STM32CubeIDE.app/Contents/Eclipse/plugins/com.st.stm32cube.ide.mcu.externaltools.gnu-tools-for-stm32.12.3.rel1.macos64_1.0.200.202406191456/tools/bin/../lib/gcc/arm-none-eabi/12.3.1/thumb/v7e-m+fp/hard/libgcc.a
LOAD /Applications/STM32CubeIDE.app/Contents/Eclipse/plugins/com.st.stm32cube.ide.mcu.externaltools.gnu-tools-for-stm32.12.3.rel1.macos64_1.0.200.202406191456/tools/bin/../lib/gcc/arm-none-eabi/12.3.1/../../../../arm-none-eabi/lib/thumb/v7e-m+fp/hard/libc_nano.a
END GROUP
START GROUP
LOAD /Applications/STM32CubeIDE.app/Contents/Eclipse/plugins/com.st.stm32cube.ide.mcu.externaltools.gnu-tools-for-stm32.12.3.rel1.macos64_1.0.200.202406191456/tools/bin/../lib/gcc/arm-none-eabi/12.3.1/thumb/v7e-m+fp/hard/libgcc.a
LOAD /Applications/STM32CubeIDE.app/Contents/Eclipse/plugins/com.st.stm32cube.ide.mcu.externaltools.gnu-tools-for-stm32.12.3.rel1.macos64_1.0.200.202406191456/tools/bin/../lib/gcc/arm-none-eabi/12.3.1/../../../../arm-none-eabi/lib/thumb/v7e-m+fp/hard/libc_nano.a
LOAD /Applications/STM32CubeIDE.app/Contents/Eclipse/plugins/com.st.stm32cube.ide.mcu.externaltools.gnu-tools-for-stm32.12.3.rel1.macos64_1.0.200.202406191456/tools/bin/../lib/gcc/arm-none-eabi/12.3.1/../../../../arm-none-eabi/lib/thumb/v7e-m+fp/hard/libnosys.a
END GROUP
START GROUP
LOAD /Applications/STM32CubeIDE.app/Contents/Eclipse/plugins/com.st.stm32cube.ide.mcu.externaltools.gnu-tools-for-stm32.12.3.rel1.macos64_1.0.200.202406191456/tools/bin/../lib/gcc/arm-none-eabi/12.3.1/thumb/v7e-m+fp/hard/libgcc.a
LOAD /Applications/STM32CubeIDE.app/Contents/Eclipse/plugins/com.st.stm32cube.ide.mcu.externaltools.gnu-tools-for-stm32.12.3.rel1.macos64_1.0.200.202406191456/tools/bin/../lib/gcc/arm-none-eabi/12.3.1/../../../../arm-none-eabi/lib/thumb/v7e-m+fp/hard/libc_nano.a
LOAD /Applications/STM32CubeIDE.app/Contents/Eclipse/plugins/com.st.stm32cube.ide.mcu.externaltools.gnu-tools-for-stm32.12.3.rel1.macos64_1.0.200.202406191456/tools/bin/../lib/gcc/arm-none-eabi/12.3.1/../../../../arm-none-eabi/lib/thumb/v7e-m+fp/hard/libnosys.a
END GROUP
LOAD /Applications/STM32CubeIDE.app/Contents/Eclipse/plugins/com.st.stm32cube.ide.mcu.externaltools.gnu-tools-for-stm32.12.3.rel1.macos64_1.0.200.202406191456/tools/bin/../lib/gcc/arm-none-eabi/12.3.1/thumb/v7e-m+fp/hard/crtend.o
LOAD /Applications/STM32CubeIDE.app/Contents/Eclipse/plugins/com.st.stm32cube.ide.mcu.externaltools.gnu-tools-for-stm32.12.3.rel1.macos64_1.0.200.202406191456/tools/bin/../lib/gcc/arm-none-eabi/12.3.1/thumb/v7e-m+fp/hard/crtn.o
                0x200a0000                        _estack = (ORIGIN (RAM) + LENGTH (RAM))
                0x00000200                        _Min_Heap_Size = 0x200
                0x00000400                        _Min_Stack_Size = 0x400

.isr_vector     0x08000000      0x1bc
                0x08000000                        . = ALIGN (0x4)
 *(.isr_vector)
 .isr_vector    0x08000000      0x1bc ./Core/Startup/startup_stm32l4s5vitx.o
                0x08000000                g_pfnVectors
                0x080001bc                        . = ALIGN (0x4)

.text           0x080001c0     0xbca0
                0x080001c0                        . = ALIGN (0x4)
 *(.text)
 .text          0x080001c0       0x40 /Applications/STM32CubeIDE.app/Contents/Eclipse/plugins/com.st.stm32cube.ide.mcu.externaltools.gnu-tools-for-stm32.12.3.rel1.macos64_1.0.200.202406191456/tools/bin/../lib/gcc/arm-none-eabi/12.3.1/thumb/v7e-m+fp/hard/crtbegin.o
 .text          0x08000200       0xa0 /Applications/STM32CubeIDE.app/Contents/Eclipse/plugins/com.st.stm32cube.ide.mcu.externaltools.gnu-tools-for-stm32.12.3.rel1.macos64_1.0.200.202406191456/tools/bin/../lib/gcc/arm-none-eabi/12.3.1/../../../../arm-none-eabi/lib/thumb/v7e-m+fp/hard/libc_nano.a(libc_a-memchr.o)
                0x08000200                memchr
 .text          0x080002a0       0x10 /Applications/STM32CubeIDE.app/Contents/Eclipse/plugins/com.st.stm32cube.ide.mcu.externaltools.gnu-tools-for-stm32.12.3.rel1.macos64_1.0.200.202406191456/tools/bin/../lib/gcc/arm-none-eabi/12.3.1/../../../../arm-none-eabi/lib/thumb/v7e-m+fp/hard/libc_nano.a(libc_a-strlen.o)
                0x080002a0                strlen
 .text          0x080002b0      0x378 /Applications/STM32CubeIDE.app/Contents/Eclipse/plugins/com.st.stm32cube.ide.mcu.externaltools.gnu-tools-for-stm32.12.3.rel1.macos64_1.0.200.202406191456/tools/bin/../lib/gcc/arm-none-eabi/12.3.1/thumb/v7e-m+fp/hard/libgcc.a(_arm_addsubdf3.o)
                0x080002b0                __aeabi_drsub
                0x080002b8                __subdf3
                0x080002b8                __aeabi_dsub
                0x080002bc                __aeabi_dadd
                0x080002bc                __adddf3
                0x08000534                __aeabi_ui2d
                0x08000534                __floatunsidf
                0x08000554                __floatsidf
                0x08000554                __aeabi_i2d
                0x08000578                __extendsfdf2
                0x08000578                __aeabi_f2d
                0x080005bc                __aeabi_ul2d
                0x080005bc                __floatundidf
                0x080005cc                __aeabi_l2d
                0x080005cc                __floatdidf
 .text          0x08000628      0x424 /Applications/STM32CubeIDE.app/Contents/Eclipse/plugins/com.st.stm32cube.ide.mcu.externaltools.gnu-tools-for-stm32.12.3.rel1.macos64_1.0.200.202406191456/tools/bin/../lib/gcc/arm-none-eabi/12.3.1/thumb/v7e-m+fp/hard/libgcc.a(_arm_muldivdf3.o)
                0x08000628                __aeabi_dmul
                0x08000628                __muldf3
                0x0800087c                __aeabi_ddiv
                0x0800087c                __divdf3
 .text          0x08000a4c      0x110 /Applications/STM32CubeIDE.app/Contents/Eclipse/plugins/com.st.stm32cube.ide.mcu.externaltools.gnu-tools-for-stm32.12.3.rel1.macos64_1.0.200.202406191456/tools/bin/../lib/gcc/arm-none-eabi/12.3.1/thumb/v7e-m+fp/hard/libgcc.a(_arm_cmpdf2.o)
                0x08000a4c                __gedf2
                0x08000a4c                __gtdf2
                0x08000a54                __ledf2
                0x08000a54                __ltdf2
                0x08000a5c                __cmpdf2
                0x08000a5c                __eqdf2
                0x08000a5c                __nedf2
                0x08000ad8                __aeabi_cdrcmple
                0x08000ae8                __aeabi_cdcmple
                0x08000ae8                __aeabi_cdcmpeq
                0x08000af8                __aeabi_dcmpeq
                0x08000b0c                __aeabi_dcmplt
                0x08000b20                __aeabi_dcmple
                0x08000b34                __aeabi_dcmpge
                0x08000b48                __aeabi_dcmpgt
 .text          0x08000b5c       0x2c /Applications/STM32CubeIDE.app/Contents/Eclipse/plugins/com.st.stm32cube.ide.mcu.externaltools.gnu-tools-for-stm32.12.3.rel1.macos64_1.0.200.202406191456/tools/bin/../lib/gcc/arm-none-eabi/12.3.1/thumb/v7e-m+fp/hard/libgcc.a(_arm_unorddf2.o)
                0x08000b5c                __aeabi_dcmpun
                0x08000b5c                __unorddf2
 .text          0x08000b88       0x50 /Applications/STM32CubeIDE.app/Contents/Eclipse/plugins/com.st.stm32cube.ide.mcu.externaltools.gnu-tools-for-stm32.12.3.rel1.macos64_1.0.200.202406191456/tools/bin/../lib/gcc/arm-none-eabi/12.3.1/thumb/v7e-m+fp/hard/libgcc.a(_arm_fixdfsi.o)
                0x08000b88                __fixdfsi
                0x08000b88                __aeabi_d2iz
 .text          0x08000bd8       0x40 /Applications/STM32CubeIDE.app/Contents/Eclipse/plugins/com.st.stm32cube.ide.mcu.externaltools.gnu-tools-for-stm32.12.3.rel1.macos64_1.0.200.202406191456/tools/bin/../lib/gcc/arm-none-eabi/12.3.1/thumb/v7e-m+fp/hard/libgcc.a(_arm_fixunsdfsi.o)
                0x08000bd8                __fixunsdfsi
                0x08000bd8                __aeabi_d2uiz
 .text          0x08000c18       0xa0 /Applications/STM32CubeIDE.app/Contents/Eclipse/plugins/com.st.stm32cube.ide.mcu.externaltools.gnu-tools-for-stm32.12.3.rel1.macos64_1.0.200.202406191456/tools/bin/../lib/gcc/arm-none-eabi/12.3.1/thumb/v7e-m+fp/hard/libgcc.a(_arm_truncdfsf2.o)
                0x08000c18                __aeabi_d2f
                0x08000c18                __truncdfsf2
 .text          0x08000cb8       0x30 /Applications/STM32CubeIDE.app/Contents/Eclipse/plugins/com.st.stm32cube.ide.mcu.externaltools.gnu-tools-for-stm32.12.3.rel1.macos64_1.0.200.202406191456/tools/bin/../lib/gcc/arm-none-eabi/12.3.1/thumb/v7e-m+fp/hard/libgcc.a(_aeabi_uldivmod.o)
                0x08000cb8                __aeabi_uldivmod
 .text          0x08000ce8       0x30 /Applications/STM32CubeIDE.app/Contents/Eclipse/plugins/com.st.stm32cube.ide.mcu.externaltools.gnu-tools-for-stm32.12.3.rel1.macos64_1.0.200.202406191456/tools/bin/../lib/gcc/arm-none-eabi/12.3.1/thumb/v7e-m+fp/hard/libgcc.a(_fixdfdi.o)
                0x08000ce8                __aeabi_d2lz
                0x08000ce8                __fixdfdi
 .text          0x08000d18       0x3c /Applications/STM32CubeIDE.app/Contents/Eclipse/plugins/com.st.stm32cube.ide.mcu.externaltools.gnu-tools-for-stm32.12.3.rel1.macos64_1.0.200.202406191456/tools/bin/../lib/gcc/arm-none-eabi/12.3.1/thumb/v7e-m+fp/hard/libgcc.a(_fixunsdfdi.o)
                0x08000d18                __aeabi_d2ulz
                0x08000d18                __fixunsdfdi
 .text          0x08000d54      0x2bc /Applications/STM32CubeIDE.app/Contents/Eclipse/plugins/com.st.stm32cube.ide.mcu.externaltools.gnu-tools-for-stm32.12.3.rel1.macos64_1.0.200.202406191456/tools/bin/../lib/gcc/arm-none-eabi/12.3.1/thumb/v7e-m+fp/hard/libgcc.a(_udivmoddi4.o)
                0x08000d54                __udivmoddi4
 .text          0x08001010        0x4 /Applications/STM32CubeIDE.app/Contents/Eclipse/plugins/com.st.stm32cube.ide.mcu.externaltools.gnu-tools-for-stm32.12.3.rel1.macos64_1.0.200.202406191456/tools/bin/../lib/gcc/arm-none-eabi/12.3.1/thumb/v7e-m+fp/hard/libgcc.a(_dvmd_tls.o)
                0x08001010                __aeabi_ldiv0
                0x08001010                __aeabi_idiv0
 *(.text*)
 .text.vApplicationGetIdleTaskMemory
                0x08001014       0x18 ./Core/Src/freertos.o
                0x08001014                vApplicationGetIdleTaskMemory
 .text.StartSensorTask
                0x0800102c       0xd4 ./Core/Src/main.o
                0x0800102c                StartSensorTask
 .text.__io_putchar
                0x08001100       0x20 ./Core/Src/main.o
                0x08001100                __io_putchar
 .text.rand     0x08001120       0x20 ./Core/Src/main.o
                0x08001120                rand
 .text.getRandomNumber0to6
                0x08001140       0x20 ./Core/Src/main.o
                0x08001140                getRandomNumber0to6
 .text.generateObstacles
                0x08001160       0x78 ./Core/Src/main.o
                0x08001160                generateObstacles
 .text.initializeBoard
                0x080011d8       0x24 ./Core/Src/main.o
                0x080011d8                initializeBoard
 .text.clearCarPosition
                0x080011fc       0x58 ./Core/Src/main.o
                0x080011fc                clearCarPosition
 .text.displayBoard
                0x08001254       0x94 ./Core/Src/main.o
                0x08001254                displayBoard
 .text.printGameOver
                0x080012e8       0x74 ./Core/Src/main.o
                0x080012e8                printGameOver
 .text.printWinner
                0x0800135c       0x74 ./Core/Src/main.o
                0x0800135c                printWinner
 .text.displayMenu
                0x080013d0      0x130 ./Core/Src/main.o
                0x080013d0                displayMenu
 .text.StartButtonTask
                0x08001500       0xf0 ./Core/Src/main.o
                0x08001500                StartButtonTask
 .text.beep     0x080015f0       0x58 ./Core/Src/main.o
                0x080015f0                beep
 .text.playOutOfBoundsBeep
                0x08001648        0xa ./Core/Src/main.o
                0x08001648                playOutOfBoundsBeep
 *fill*         0x08001652        0x2 
 .text.playGameOverSound
                0x08001654       0x30 ./Core/Src/main.o
                0x08001654                playGameOverSound
 .text.playLevelCompleteSound
                0x08001684       0x30 ./Core/Src/main.o
                0x08001684                playLevelCompleteSound
 .text.generateBoard
                0x080016b4       0xa8 ./Core/Src/main.o
                0x080016b4                generateBoard
 .text.StartTerminalTask
                0x0800175c      0x15c ./Core/Src/main.o
                0x0800175c                StartTerminalTask
 .text.HAL_TIM_PeriodElapsedCallback
                0x080018b8       0x18 ./Core/Src/main.o
                0x080018b8                HAL_TIM_PeriodElapsedCallback
 .text.Error_Handler
                0x080018d0       0x10 ./Core/Src/main.o
                0x080018d0                Error_Handler
 .text.SystemClock_Config
                0x080018e0       0x76 ./Core/Src/main.o
                0x080018e0                SystemClock_Config
 *fill*         0x08001956        0x2 
 .text.main     0x08001958      0x25c ./Core/Src/main.o
                0x08001958                main
 .text.I2Cx_Init
                0x08001bb4       0xbc ./Core/Src/stm32l4s5i_iot01.o
 .text.SENSOR_IO_Init
                0x08001c70       0x10 ./Core/Src/stm32l4s5i_iot01.o
                0x08001c70                SENSOR_IO_Init
 .text.SENSOR_IO_Write
                0x08001c80       0x3c ./Core/Src/stm32l4s5i_iot01.o
                0x08001c80                SENSOR_IO_Write
 .text.SENSOR_IO_Read
                0x08001cbc       0x44 ./Core/Src/stm32l4s5i_iot01.o
                0x08001cbc                SENSOR_IO_Read
 .text.SENSOR_IO_ReadMultiple
                0x08001d00       0x38 ./Core/Src/stm32l4s5i_iot01.o
                0x08001d00                SENSOR_IO_ReadMultiple
 .text.BSP_ACCELERO_Init
                0x08001d38       0x2c ./Core/Src/stm32l4s5i_iot01_accelero.o
                0x08001d38                BSP_ACCELERO_Init
 .text.BSP_ACCELERO_AccGetXYZ
                0x08001d64       0x14 ./Core/Src/stm32l4s5i_iot01_accelero.o
                0x08001d64                BSP_ACCELERO_AccGetXYZ
 .text.BSP_GYRO_Init
                0x08001d78       0x2c ./Core/Src/stm32l4s5i_iot01_gyro.o
                0x08001d78                BSP_GYRO_Init
 .text.BSP_MAGNETO_Init
                0x08001da4       0x4c ./Core/Src/stm32l4s5i_iot01_magneto.o
                0x08001da4                BSP_MAGNETO_Init
 .text.BSP_PSENSOR_Init
                0x08001df0       0x2c ./Core/Src/stm32l4s5i_iot01_psensor.o
                0x08001df0                BSP_PSENSOR_Init
 .text.HAL_MspInit
                0x08001e1c       0x40 ./Core/Src/stm32l4xx_hal_msp.o
                0x08001e1c                HAL_MspInit
 .text.HAL_DAC_MspInit
                0x08001e5c       0x70 ./Core/Src/stm32l4xx_hal_msp.o
                0x08001e5c                HAL_DAC_MspInit
 .text.HAL_I2C_MspInit
                0x08001ecc       0x8c ./Core/Src/stm32l4xx_hal_msp.o
                0x08001ecc                HAL_I2C_MspInit
 .text.HAL_I2C_MspDeInit
                0x08001f58       0x3c ./Core/Src/stm32l4xx_hal_msp.o
                0x08001f58                HAL_I2C_MspDeInit
 .text.HAL_UART_MspInit
                0x08001f94       0x88 ./Core/Src/stm32l4xx_hal_msp.o
                0x08001f94                HAL_UART_MspInit
 .text.HAL_InitTick
                0x0800201c       0xa0 ./Core/Src/stm32l4xx_hal_timebase_tim.o
                0x0800201c                HAL_InitTick
 .text.NMI_Handler
                0x080020bc        0x2 ./Core/Src/stm32l4xx_it.o
                0x080020bc                NMI_Handler
 .text.HardFault_Handler
                0x080020be        0x2 ./Core/Src/stm32l4xx_it.o
                0x080020be                HardFault_Handler
 .text.MemManage_Handler
                0x080020c0        0x2 ./Core/Src/stm32l4xx_it.o
                0x080020c0                MemManage_Handler
 .text.BusFault_Handler
                0x080020c2        0x2 ./Core/Src/stm32l4xx_it.o
                0x080020c2                BusFault_Handler
 .text.UsageFault_Handler
                0x080020c4        0x2 ./Core/Src/stm32l4xx_it.o
                0x080020c4                UsageFault_Handler
 .text.DebugMon_Handler
                0x080020c6        0x2 ./Core/Src/stm32l4xx_it.o
                0x080020c6                DebugMon_Handler
 .text.TIM6_DAC_IRQHandler
                0x080020c8       0x18 ./Core/Src/stm32l4xx_it.o
                0x080020c8                TIM6_DAC_IRQHandler
 .text._getpid  0x080020e0        0x4 ./Core/Src/syscalls.o
                0x080020e0                _getpid
 .text._kill    0x080020e4       0x10 ./Core/Src/syscalls.o
                0x080020e4                _kill
 .text._exit    0x080020f4        0xc ./Core/Src/syscalls.o
                0x080020f4                _exit
 .text._read    0x08002100       0x1a ./Core/Src/syscalls.o
                0x08002100                _read
 .text._write   0x0800211a       0x1a ./Core/Src/syscalls.o
                0x0800211a                _write
 .text._close   0x08002134        0x6 ./Core/Src/syscalls.o
                0x08002134                _close
 .text._fstat   0x0800213a        0xa ./Core/Src/syscalls.o
                0x0800213a                _fstat
 .text._isatty  0x08002144        0x4 ./Core/Src/syscalls.o
                0x08002144                _isatty
 .text._lseek   0x08002148        0x4 ./Core/Src/syscalls.o
                0x08002148                _lseek
 .text._sbrk    0x0800214c       0x48 ./Core/Src/sysmem.o
                0x0800214c                _sbrk
 .text.SystemInit
                0x08002194       0x14 ./Core/Src/system_stm32l4xx.o
                0x08002194                SystemInit
 .text.Reset_Handler
                0x080021a8       0x50 ./Core/Startup/startup_stm32l4s5vitx.o
                0x080021a8                Reset_Handler
 .text.Default_Handler
                0x080021f8        0x2 ./Core/Startup/startup_stm32l4s5vitx.o
                0x080021f8                TIM1_BRK_TIM15_IRQHandler
                0x080021f8                EXTI2_IRQHandler
                0x080021f8                TIM8_TRG_COM_IRQHandler
                0x080021f8                TIM8_CC_IRQHandler
                0x080021f8                TIM1_CC_IRQHandler
                0x080021f8                TSC_IRQHandler
                0x080021f8                TAMP_STAMP_IRQHandler
                0x080021f8                EXTI3_IRQHandler
                0x080021f8                LPTIM2_IRQHandler
                0x080021f8                DFSDM1_FLT1_IRQHandler
                0x080021f8                GFXMMU_IRQHandler
                0x080021f8                I2C3_ER_IRQHandler
                0x080021f8                DFSDM1_FLT2_IRQHandler
                0x080021f8                EXTI0_IRQHandler
                0x080021f8                I2C2_EV_IRQHandler
                0x080021f8                CAN1_RX0_IRQHandler
                0x080021f8                FPU_IRQHandler
                0x080021f8                TIM1_UP_TIM16_IRQHandler
                0x080021f8                LTDC_ER_IRQHandler
                0x080021f8                SPI1_IRQHandler
                0x080021f8                OCTOSPI1_IRQHandler
                0x080021f8                DCMI_IRQHandler
                0x080021f8                TIM8_UP_IRQHandler
                0x080021f8                OCTOSPI2_IRQHandler
                0x080021f8                DMA2_Channel2_IRQHandler
                0x080021f8                DMA1_Channel4_IRQHandler
                0x080021f8                SAI2_IRQHandler
                0x080021f8                ADC1_IRQHandler
                0x080021f8                DFSDM1_FLT3_IRQHandler
                0x080021f8                USART3_IRQHandler
                0x080021f8                DMA1_Channel7_IRQHandler
                0x080021f8                CAN1_RX1_IRQHandler
                0x080021f8                UART5_IRQHandler
                0x080021f8                TIM4_IRQHandler
                0x080021f8                DMA2_Channel1_IRQHandler
                0x080021f8                I2C1_EV_IRQHandler
                0x080021f8                DMAMUX1_OVR_IRQHandler
                0x080021f8                DMA1_Channel6_IRQHandler
                0x080021f8                UART4_IRQHandler
                0x080021f8                DMA2_Channel4_IRQHandler
                0x080021f8                TIM3_IRQHandler
                0x080021f8                RCC_IRQHandler
                0x080021f8                DMA1_Channel1_IRQHandler
                0x080021f8                Default_Handler
                0x080021f8                DMA2_Channel7_IRQHandler
                0x080021f8                EXTI15_10_IRQHandler
                0x080021f8                TIM7_IRQHandler
                0x080021f8                SDMMC1_IRQHandler
                0x080021f8                TIM5_IRQHandler
                0x080021f8                I2C3_EV_IRQHandler
                0x080021f8                EXTI9_5_IRQHandler
                0x080021f8                RTC_WKUP_IRQHandler
                0x080021f8                LTDC_IRQHandler
                0x080021f8                PVD_PVM_IRQHandler
                0x080021f8                SPI2_IRQHandler
                0x080021f8                CAN1_TX_IRQHandler
                0x080021f8                DMA2_Channel5_IRQHandler
                0x080021f8                DMA1_Channel5_IRQHandler
                0x080021f8                EXTI4_IRQHandler
                0x080021f8                RNG_IRQHandler
                0x080021f8                TIM1_TRG_COM_TIM17_IRQHandler
                0x080021f8                DMA1_Channel3_IRQHandler
                0x080021f8                COMP_IRQHandler
                0x080021f8                HASH_CRS_IRQHandler
                0x080021f8                WWDG_IRQHandler
                0x080021f8                I2C4_EV_IRQHandler
                0x080021f8                LPUART1_IRQHandler
                0x080021f8                DMA2_Channel6_IRQHandler
                0x080021f8                TIM2_IRQHandler
                0x080021f8                DMA2D_IRQHandler
                0x080021f8                EXTI1_IRQHandler
                0x080021f8                AES_IRQHandler
                0x080021f8                USART2_IRQHandler
                0x080021f8                DFSDM1_FLT0_IRQHandler
                0x080021f8                I2C2_ER_IRQHandler
                0x080021f8                DMA1_Channel2_IRQHandler
                0x080021f8                TIM8_BRK_IRQHandler
                0x080021f8                CAN1_SCE_IRQHandler
                0x080021f8                FLASH_IRQHandler
                0x080021f8                USART1_IRQHandler
                0x080021f8                OTG_FS_IRQHandler
                0x080021f8                SPI3_IRQHandler
                0x080021f8                I2C1_ER_IRQHandler
                0x080021f8                FMC_IRQHandler
                0x080021f8                LPTIM1_IRQHandler
                0x080021f8                I2C4_ER_IRQHandler
                0x080021f8                SAI1_IRQHandler
                0x080021f8                DMA2_Channel3_IRQHandler
                0x080021f8                RTC_Alarm_IRQHandler
 .text.LIS3MDL_MagInit
                0x080021fa       0x4c ./Drivers/Components/lis3mdl/lis3mdl.o
                0x080021fa                LIS3MDL_MagInit
 .text.LIS3MDL_MagDeInit
                0x08002246       0x1c ./Drivers/Components/lis3mdl/lis3mdl.o
                0x08002246                LIS3MDL_MagDeInit
 .text.LIS3MDL_MagLowPower
                0x08002262       0x20 ./Drivers/Components/lis3mdl/lis3mdl.o
                0x08002262                LIS3MDL_MagLowPower
 .text.LIS3MDL_MagReadID
                0x08002282       0x10 ./Drivers/Components/lis3mdl/lis3mdl.o
                0x08002282                LIS3MDL_MagReadID
 *fill*         0x08002292        0x2 
 .text.LIS3MDL_MagReadXYZ
                0x08002294       0xc4 ./Drivers/Components/lis3mdl/lis3mdl.o
                0x08002294                LIS3MDL_MagReadXYZ
 .text.LPS22HB_P_ReadPressure
                0x08002358       0x58 ./Drivers/Components/lps22hb/lps22hb.o
                0x08002358                LPS22HB_P_ReadPressure
 .text.LPS22HB_Init
                0x080023b0       0x36 ./Drivers/Components/lps22hb/lps22hb.o
 .text.LPS22HB_P_Init
                0x080023e6        0x8 ./Drivers/Components/lps22hb/lps22hb.o
                0x080023e6                LPS22HB_P_Init
 .text.LPS22HB_P_ReadID
                0x080023ee       0x12 ./Drivers/Components/lps22hb/lps22hb.o
                0x080023ee                LPS22HB_P_ReadID
 .text.LSM6DSL_AccInit
                0x08002400       0x36 ./Drivers/Components/lsm6dsl/lsm6dsl.o
                0x08002400                LSM6DSL_AccInit
 .text.LSM6DSL_AccDeInit
                0x08002436       0x18 ./Drivers/Components/lsm6dsl/lsm6dsl.o
                0x08002436                LSM6DSL_AccDeInit
 .text.LSM6DSL_AccLowPower
                0x0800244e       0x20 ./Drivers/Components/lsm6dsl/lsm6dsl.o
                0x0800244e                LSM6DSL_AccLowPower
 .text.LSM6DSL_GyroInit
                0x0800246e       0x36 ./Drivers/Components/lsm6dsl/lsm6dsl.o
                0x0800246e                LSM6DSL_GyroInit
 .text.LSM6DSL_GyroDeInit
                0x080024a4       0x18 ./Drivers/Components/lsm6dsl/lsm6dsl.o
                0x080024a4                LSM6DSL_GyroDeInit
 .text.LSM6DSL_GyroLowPower
                0x080024bc       0x20 ./Drivers/Components/lsm6dsl/lsm6dsl.o
                0x080024bc                LSM6DSL_GyroLowPower
 .text.LSM6DSL_AccReadID
                0x080024dc       0x10 ./Drivers/Components/lsm6dsl/lsm6dsl.o
                0x080024dc                LSM6DSL_AccReadID
 .text.LSM6DSL_GyroReadID
                0x080024ec       0x10 ./Drivers/Components/lsm6dsl/lsm6dsl.o
                0x080024ec                LSM6DSL_GyroReadID
 .text.LSM6DSL_AccReadXYZ
                0x080024fc       0xc0 ./Drivers/Components/lsm6dsl/lsm6dsl.o
                0x080024fc                LSM6DSL_AccReadXYZ
 .text.LSM6DSL_GyroReadXYZAngRate
                0x080025bc       0xc4 ./Drivers/Components/lsm6dsl/lsm6dsl.o
                0x080025bc                LSM6DSL_GyroReadXYZAngRate
 .text.HAL_Init
                0x08002680       0x1e ./Drivers/STM32L4xx_HAL_Driver/Src/stm32l4xx_hal.o
                0x08002680                HAL_Init
 *fill*         0x0800269e        0x2 
 .text.HAL_IncTick
                0x080026a0       0x18 ./Drivers/STM32L4xx_HAL_Driver/Src/stm32l4xx_hal.o
                0x080026a0                HAL_IncTick
 .text.HAL_GetTick
                0x080026b8        0xc ./Drivers/STM32L4xx_HAL_Driver/Src/stm32l4xx_hal.o
                0x080026b8                HAL_GetTick
 .text.HAL_Delay
                0x080026c4       0x28 ./Drivers/STM32L4xx_HAL_Driver/Src/stm32l4xx_hal.o
                0x080026c4                HAL_Delay
 .text.HAL_NVIC_SetPriorityGrouping
                0x080026ec       0x24 ./Drivers/STM32L4xx_HAL_Driver/Src/stm32l4xx_hal_cortex.o
                0x080026ec                HAL_NVIC_SetPriorityGrouping
 .text.HAL_NVIC_SetPriority
                0x08002710       0x6c ./Drivers/STM32L4xx_HAL_Driver/Src/stm32l4xx_hal_cortex.o
                0x08002710                HAL_NVIC_SetPriority
 .text.HAL_NVIC_EnableIRQ
                0x0800277c       0x1c ./Drivers/STM32L4xx_HAL_Driver/Src/stm32l4xx_hal_cortex.o
                0x0800277c                HAL_NVIC_EnableIRQ
 .text.HAL_DAC_Init
                0x08002798       0x24 ./Drivers/STM32L4xx_HAL_Driver/Src/stm32l4xx_hal_dac.o
                0x08002798                HAL_DAC_Init
 .text.HAL_DAC_Start
                0x080027bc       0x68 ./Drivers/STM32L4xx_HAL_Driver/Src/stm32l4xx_hal_dac.o
                0x080027bc                HAL_DAC_Start
 .text.HAL_DAC_Stop
                0x08002824       0x20 ./Drivers/STM32L4xx_HAL_Driver/Src/stm32l4xx_hal_dac.o
                0x08002824                HAL_DAC_Stop
 .text.HAL_DAC_SetValue
                0x08002844       0x2e ./Drivers/STM32L4xx_HAL_Driver/Src/stm32l4xx_hal_dac.o
                0x08002844                HAL_DAC_SetValue
 .text.HAL_DAC_DMAUnderrunCallbackCh1
                0x08002872        0x2 ./Drivers/STM32L4xx_HAL_Driver/Src/stm32l4xx_hal_dac.o
                0x08002872                HAL_DAC_DMAUnderrunCallbackCh1
 .text.HAL_DAC_IRQHandler
                0x08002874       0x70 ./Drivers/STM32L4xx_HAL_Driver/Src/stm32l4xx_hal_dac.o
                0x08002874                HAL_DAC_IRQHandler
 .text.HAL_DAC_ConfigChannel
                0x080028e4      0x18c ./Drivers/STM32L4xx_HAL_Driver/Src/stm32l4xx_hal_dac.o
                0x080028e4                HAL_DAC_ConfigChannel
 .text.HAL_DACEx_DMAUnderrunCallbackCh2
                0x08002a70        0x2 ./Drivers/STM32L4xx_HAL_Driver/Src/stm32l4xx_hal_dac_ex.o
                0x08002a70                HAL_DACEx_DMAUnderrunCallbackCh2
 *fill*         0x08002a72        0x2 
 .text.HAL_GPIO_Init
                0x08002a74      0x1dc ./Drivers/STM32L4xx_HAL_Driver/Src/stm32l4xx_hal_gpio.o
                0x08002a74                HAL_GPIO_Init
 .text.HAL_GPIO_DeInit
                0x08002c50      0x144 ./Drivers/STM32L4xx_HAL_Driver/Src/stm32l4xx_hal_gpio.o
                0x08002c50                HAL_GPIO_DeInit
 .text.HAL_GPIO_ReadPin
                0x08002d94        0xc ./Drivers/STM32L4xx_HAL_Driver/Src/stm32l4xx_hal_gpio.o
                0x08002d94                HAL_GPIO_ReadPin
 .text.HAL_GPIO_WritePin
                0x08002da0        0xa ./Drivers/STM32L4xx_HAL_Driver/Src/stm32l4xx_hal_gpio.o
                0x08002da0                HAL_GPIO_WritePin
 .text.I2C_Flush_TXDR
                0x08002daa       0x22 ./Drivers/STM32L4xx_HAL_Driver/Src/stm32l4xx_hal_i2c.o
 .text.I2C_TransferConfig
                0x08002dcc       0x3a ./Drivers/STM32L4xx_HAL_Driver/Src/stm32l4xx_hal_i2c.o
 .text.I2C_IsErrorOccurred
                0x08002e06      0x114 ./Drivers/STM32L4xx_HAL_Driver/Src/stm32l4xx_hal_i2c.o
 .text.I2C_WaitOnTXISFlagUntilTimeout
                0x08002f1a       0x60 ./Drivers/STM32L4xx_HAL_Driver/Src/stm32l4xx_hal_i2c.o
 .text.I2C_WaitOnFlagUntilTimeout
                0x08002f7a       0x7c ./Drivers/STM32L4xx_HAL_Driver/Src/stm32l4xx_hal_i2c.o
 .text.I2C_WaitOnSTOPFlagUntilTimeout
                0x08002ff6       0x6a ./Drivers/STM32L4xx_HAL_Driver/Src/stm32l4xx_hal_i2c.o
 .text.HAL_I2C_Init
                0x08003060       0xb8 ./Drivers/STM32L4xx_HAL_Driver/Src/stm32l4xx_hal_i2c.o
                0x08003060                HAL_I2C_Init
 .text.HAL_I2C_DeInit
                0x08003118       0x32 ./Drivers/STM32L4xx_HAL_Driver/Src/stm32l4xx_hal_i2c.o
                0x08003118                HAL_I2C_DeInit
 *fill*         0x0800314a        0x2 
 .text.HAL_I2C_Mem_Write
                0x0800314c      0x1fc ./Drivers/STM32L4xx_HAL_Driver/Src/stm32l4xx_hal_i2c.o
                0x0800314c                HAL_I2C_Mem_Write
 .text.HAL_I2C_Mem_Read
                0x08003348      0x204 ./Drivers/STM32L4xx_HAL_Driver/Src/stm32l4xx_hal_i2c.o
                0x08003348                HAL_I2C_Mem_Read
 .text.HAL_I2CEx_ConfigAnalogFilter
                0x0800354c       0x5c ./Drivers/STM32L4xx_HAL_Driver/Src/stm32l4xx_hal_i2c_ex.o
                0x0800354c                HAL_I2CEx_ConfigAnalogFilter
 .text.HAL_I2CEx_ConfigDigitalFilter
                0x080035a8       0x58 ./Drivers/STM32L4xx_HAL_Driver/Src/stm32l4xx_hal_i2c_ex.o
                0x080035a8                HAL_I2CEx_ConfigDigitalFilter
 .text.HAL_PWREx_GetVoltageRange
                0x08003600       0x20 ./Drivers/STM32L4xx_HAL_Driver/Src/stm32l4xx_hal_pwr_ex.o
                0x08003600                HAL_PWREx_GetVoltageRange
 .text.HAL_PWREx_ControlVoltageScaling
                0x08003620      0x114 ./Drivers/STM32L4xx_HAL_Driver/Src/stm32l4xx_hal_pwr_ex.o
                0x08003620                HAL_PWREx_ControlVoltageScaling
 .text.RCC_SetFlashLatencyFromMSIRange
                0x08003734       0x84 ./Drivers/STM32L4xx_HAL_Driver/Src/stm32l4xx_hal_rcc.o
 .text.HAL_RCC_GetSysClockFreq
                0x080037b8       0xa8 ./Drivers/STM32L4xx_HAL_Driver/Src/stm32l4xx_hal_rcc.o
                0x080037b8                HAL_RCC_GetSysClockFreq
 .text.HAL_RCC_OscConfig
                0x08003860      0x690 ./Drivers/STM32L4xx_HAL_Driver/Src/stm32l4xx_hal_rcc.o
                0x08003860                HAL_RCC_OscConfig
 .text.HAL_RCC_ClockConfig
                0x08003ef0      0x2a8 ./Drivers/STM32L4xx_HAL_Driver/Src/stm32l4xx_hal_rcc.o
                0x08003ef0                HAL_RCC_ClockConfig
 .text.HAL_RCC_GetHCLKFreq
                0x08004198        0xc ./Drivers/STM32L4xx_HAL_Driver/Src/stm32l4xx_hal_rcc.o
                0x08004198                HAL_RCC_GetHCLKFreq
 .text.HAL_RCC_GetPCLK1Freq
                0x080041a4       0x24 ./Drivers/STM32L4xx_HAL_Driver/Src/stm32l4xx_hal_rcc.o
                0x080041a4                HAL_RCC_GetPCLK1Freq
 .text.HAL_RCC_GetPCLK2Freq
                0x080041c8       0x24 ./Drivers/STM32L4xx_HAL_Driver/Src/stm32l4xx_hal_rcc.o
                0x080041c8                HAL_RCC_GetPCLK2Freq
 .text.HAL_RCC_GetClockConfig
                0x080041ec       0x3c ./Drivers/STM32L4xx_HAL_Driver/Src/stm32l4xx_hal_rcc.o
                0x080041ec                HAL_RCC_GetClockConfig
 .text.RCCEx_PLLSAI2_Config
                0x08004228      0x158 ./Drivers/STM32L4xx_HAL_Driver/Src/stm32l4xx_hal_rcc_ex.o
 .text.RCCEx_PLLSAI1_Config
                0x08004380      0x158 ./Drivers/STM32L4xx_HAL_Driver/Src/stm32l4xx_hal_rcc_ex.o
 .text.HAL_RCCEx_PeriphCLKConfig
                0x080044d8      0x4e8 ./Drivers/STM32L4xx_HAL_Driver/Src/stm32l4xx_hal_rcc_ex.o
                0x080044d8                HAL_RCCEx_PeriphCLKConfig
 .text.HAL_TIM_Base_MspInit
                0x080049c0        0x2 ./Drivers/STM32L4xx_HAL_Driver/Src/stm32l4xx_hal_tim.o
                0x080049c0                HAL_TIM_Base_MspInit
 *fill*         0x080049c2        0x2 
 .text.HAL_TIM_Base_Start_IT
                0x080049c4       0x8c ./Drivers/STM32L4xx_HAL_Driver/Src/stm32l4xx_hal_tim.o
                0x080049c4                HAL_TIM_Base_Start_IT
 .text.HAL_TIM_OC_DelayElapsedCallback
                0x08004a50        0x2 ./Drivers/STM32L4xx_HAL_Driver/Src/stm32l4xx_hal_tim.o
                0x08004a50                HAL_TIM_OC_DelayElapsedCallback
 .text.HAL_TIM_IC_CaptureCallback
                0x08004a52        0x2 ./Drivers/STM32L4xx_HAL_Driver/Src/stm32l4xx_hal_tim.o
                0x08004a52                HAL_TIM_IC_CaptureCallback
 .text.HAL_TIM_PWM_PulseFinishedCallback
                0x08004a54        0x2 ./Drivers/STM32L4xx_HAL_Driver/Src/stm32l4xx_hal_tim.o
                0x08004a54                HAL_TIM_PWM_PulseFinishedCallback
 .text.HAL_TIM_TriggerCallback
                0x08004a56        0x2 ./Drivers/STM32L4xx_HAL_Driver/Src/stm32l4xx_hal_tim.o
                0x08004a56                HAL_TIM_TriggerCallback
 .text.HAL_TIM_IRQHandler
                0x08004a58      0x180 ./Drivers/STM32L4xx_HAL_Driver/Src/stm32l4xx_hal_tim.o
                0x08004a58                HAL_TIM_IRQHandler
 .text.TIM_Base_SetConfig
                0x08004bd8      0x15c ./Drivers/STM32L4xx_HAL_Driver/Src/stm32l4xx_hal_tim.o
                0x08004bd8                TIM_Base_SetConfig
 .text.HAL_TIM_Base_Init
                0x08004d34       0x60 ./Drivers/STM32L4xx_HAL_Driver/Src/stm32l4xx_hal_tim.o
                0x08004d34                HAL_TIM_Base_Init
 .text.HAL_TIMEx_CommutCallback
                0x08004d94        0x2 ./Drivers/STM32L4xx_HAL_Driver/Src/stm32l4xx_hal_tim_ex.o
                0x08004d94                HAL_TIMEx_CommutCallback
 .text.HAL_TIMEx_BreakCallback
                0x08004d96        0x2 ./Drivers/STM32L4xx_HAL_Driver/Src/stm32l4xx_hal_tim_ex.o
                0x08004d96                HAL_TIMEx_BreakCallback
 .text.HAL_TIMEx_Break2Callback
                0x08004d98        0x2 ./Drivers/STM32L4xx_HAL_Driver/Src/stm32l4xx_hal_tim_ex.o
                0x08004d98                HAL_TIMEx_Break2Callback
 .text.UART_EndRxTransfer
                0x08004d9a       0x56 ./Drivers/STM32L4xx_HAL_Driver/Src/stm32l4xx_hal_uart.o
 .text.UART_SetConfig
                0x08004df0      0x3b0 ./Drivers/STM32L4xx_HAL_Driver/Src/stm32l4xx_hal_uart.o
                0x08004df0                UART_SetConfig
 .text.UART_AdvFeatureConfig
                0x080051a0       0xca ./Drivers/STM32L4xx_HAL_Driver/Src/stm32l4xx_hal_uart.o
                0x080051a0                UART_AdvFeatureConfig
 .text.UART_WaitOnFlagUntilTimeout
                0x0800526a       0x9c ./Drivers/STM32L4xx_HAL_Driver/Src/stm32l4xx_hal_uart.o
                0x0800526a                UART_WaitOnFlagUntilTimeout
 .text.HAL_UART_Transmit
                0x08005306       0xe0 ./Drivers/STM32L4xx_HAL_Driver/Src/stm32l4xx_hal_uart.o
                0x08005306                HAL_UART_Transmit
 .text.UART_CheckIdleState
                0x080053e6       0xc0 ./Drivers/STM32L4xx_HAL_Driver/Src/stm32l4xx_hal_uart.o
                0x080053e6                UART_CheckIdleState
 .text.HAL_UART_Init
                0x080054a6       0x66 ./Drivers/STM32L4xx_HAL_Driver/Src/stm32l4xx_hal_uart.o
                0x080054a6                HAL_UART_Init
 .text.UARTEx_SetNbDataToProcess
                0x0800550c       0x4c ./Drivers/STM32L4xx_HAL_Driver/Src/stm32l4xx_hal_uart_ex.o
 .text.HAL_UARTEx_DisableFifoMode
                0x08005558       0x3e ./Drivers/STM32L4xx_HAL_Driver/Src/stm32l4xx_hal_uart_ex.o
                0x08005558                HAL_UARTEx_DisableFifoMode
 .text.HAL_UARTEx_SetTxFifoThreshold
                0x08005596       0x4a ./Drivers/STM32L4xx_HAL_Driver/Src/stm32l4xx_hal_uart_ex.o
                0x08005596                HAL_UARTEx_SetTxFifoThreshold
 .text.HAL_UARTEx_SetRxFifoThreshold
                0x080055e0       0x4a ./Drivers/STM32L4xx_HAL_Driver/Src/stm32l4xx_hal_uart_ex.o
                0x080055e0                HAL_UARTEx_SetRxFifoThreshold
 .text.osKernelStart
                0x0800562a        0xa ./Middlewares/Third_Party/FreeRTOS/Source/CMSIS_RTOS/cmsis_os.o
                0x0800562a                osKernelStart
 .text.osThreadCreate
                0x08005634       0x6a ./Middlewares/Third_Party/FreeRTOS/Source/CMSIS_RTOS/cmsis_os.o
                0x08005634                osThreadCreate
 .text.osDelay  0x0800569e       0x10 ./Middlewares/Third_Party/FreeRTOS/Source/CMSIS_RTOS/cmsis_os.o
                0x0800569e                osDelay
 .text.osMutexCreate
                0x080056ae       0x16 ./Middlewares/Third_Party/FreeRTOS/Source/CMSIS_RTOS/cmsis_os.o
                0x080056ae                osMutexCreate
 .text.osMutexWait
                0x080056c4       0x54 ./Middlewares/Third_Party/FreeRTOS/Source/CMSIS_RTOS/cmsis_os.o
                0x080056c4                osMutexWait
 .text.osMutexRelease
                0x08005718       0x52 ./Middlewares/Third_Party/FreeRTOS/Source/CMSIS_RTOS/cmsis_os.o
                0x08005718                osMutexRelease
 .text.vListInitialise
                0x0800576a       0x16 ./Middlewares/Third_Party/FreeRTOS/Source/list.o
                0x0800576a                vListInitialise
 .text.vListInitialiseItem
                0x08005780        0x6 ./Middlewares/Third_Party/FreeRTOS/Source/list.o
                0x08005780                vListInitialiseItem
 .text.vListInsertEnd
                0x08005786       0x16 ./Middlewares/Third_Party/FreeRTOS/Source/list.o
                0x08005786                vListInsertEnd
 .text.vListInsert
                0x0800579c       0x32 ./Middlewares/Third_Party/FreeRTOS/Source/list.o
                0x0800579c                vListInsert
 .text.uxListRemove
                0x080057ce       0x24 ./Middlewares/Third_Party/FreeRTOS/Source/list.o
                0x080057ce                uxListRemove
 .text.prvIsQueueEmpty
                0x080057f2       0x16 ./Middlewares/Third_Party/FreeRTOS/Source/queue.o
 .text.prvCopyDataToQueue
                0x08005808       0x76 ./Middlewares/Third_Party/FreeRTOS/Source/queue.o
 .text.prvCopyDataFromQueue
                0x0800587e       0x24 ./Middlewares/Third_Party/FreeRTOS/Source/queue.o
 .text.prvUnlockQueue
                0x080058a2       0x76 ./Middlewares/Third_Party/FreeRTOS/Source/queue.o
 .text.xQueueGenericReset
                0x08005918       0x84 ./Middlewares/Third_Party/FreeRTOS/Source/queue.o
                0x08005918                xQueueGenericReset
 .text.xQueueGenericCreateStatic
                0x0800599c       0xa2 ./Middlewares/Third_Party/FreeRTOS/Source/queue.o
                0x0800599c                xQueueGenericCreateStatic
 .text.xQueueGenericCreate
                0x08005a3e       0x4a ./Middlewares/Third_Party/FreeRTOS/Source/queue.o
                0x08005a3e                xQueueGenericCreate
 .text.xQueueGenericSend
                0x08005a88      0x194 ./Middlewares/Third_Party/FreeRTOS/Source/queue.o
                0x08005a88                xQueueGenericSend
 .text.prvInitialiseMutex
                0x08005c1c       0x18 ./Middlewares/Third_Party/FreeRTOS/Source/queue.o
 .text.xQueueCreateMutex
                0x08005c34       0x16 ./Middlewares/Third_Party/FreeRTOS/Source/queue.o
                0x08005c34                xQueueCreateMutex
 .text.xQueueCreateMutexStatic
                0x08005c4a       0x1e ./Middlewares/Third_Party/FreeRTOS/Source/queue.o
                0x08005c4a                xQueueCreateMutexStatic
 .text.xQueueGiveFromISR
                0x08005c68       0xb2 ./Middlewares/Third_Party/FreeRTOS/Source/queue.o
                0x08005c68                xQueueGiveFromISR
 .text.xQueueSemaphoreTake
                0x08005d1a      0x1a6 ./Middlewares/Third_Party/FreeRTOS/Source/queue.o
                0x08005d1a                xQueueSemaphoreTake
 .text.xQueueReceiveFromISR
                0x08005ec0       0xae ./Middlewares/Third_Party/FreeRTOS/Source/queue.o
                0x08005ec0                xQueueReceiveFromISR
 *fill*         0x08005f6e        0x2 
 .text.prvTaskIsTaskSuspended
                0x08005f70       0x3c ./Middlewares/Third_Party/FreeRTOS/Source/tasks.o
 .text.prvResetNextTaskUnblockTime
                0x08005fac       0x2c ./Middlewares/Third_Party/FreeRTOS/Source/tasks.o
 .text.prvInitialiseNewTask
                0x08005fd8       0x9a ./Middlewares/Third_Party/FreeRTOS/Source/tasks.o
 *fill*         0x08006072        0x2 
 .text.prvAddNewTaskToReadyList
                0x08006074       0xfc ./Middlewares/Third_Party/FreeRTOS/Source/tasks.o
 .text.prvDeleteTCB
                0x08006170       0x38 ./Middlewares/Third_Party/FreeRTOS/Source/tasks.o
 .text.prvIdleTask
                0x080061a8       0x68 ./Middlewares/Third_Party/FreeRTOS/Source/tasks.o
 .text.prvAddCurrentTaskToDelayedList
                0x08006210       0x98 ./Middlewares/Third_Party/FreeRTOS/Source/tasks.o
 .text.xTaskCreateStatic
                0x080062a8       0x76 ./Middlewares/Third_Party/FreeRTOS/Source/tasks.o
                0x080062a8                xTaskCreateStatic
 .text.xTaskCreate
                0x0800631e       0x64 ./Middlewares/Third_Party/FreeRTOS/Source/tasks.o
                0x0800631e                xTaskCreate
 *fill*         0x08006382        0x2 
 .text.vTaskResume
                0x08006384       0x88 ./Middlewares/Third_Party/FreeRTOS/Source/tasks.o
                0x08006384                vTaskResume
 .text.vTaskStartScheduler
                0x0800640c       0x6c ./Middlewares/Third_Party/FreeRTOS/Source/tasks.o
                0x0800640c                vTaskStartScheduler
 .text.vTaskSuspendAll
                0x08006478       0x10 ./Middlewares/Third_Party/FreeRTOS/Source/tasks.o
                0x08006478                vTaskSuspendAll
 .text.xTaskIncrementTick
                0x08006488      0x138 ./Middlewares/Third_Party/FreeRTOS/Source/tasks.o
                0x08006488                xTaskIncrementTick
 .text.xTaskResumeAll
                0x080065c0      0x100 ./Middlewares/Third_Party/FreeRTOS/Source/tasks.o
                0x080065c0                xTaskResumeAll
 .text.vTaskDelay
                0x080066c0       0x4c ./Middlewares/Third_Party/FreeRTOS/Source/tasks.o
                0x080066c0                vTaskDelay
 .text.vTaskSwitchContext
                0x0800670c       0x94 ./Middlewares/Third_Party/FreeRTOS/Source/tasks.o
                0x0800670c                vTaskSwitchContext
 .text.vTaskSuspend
                0x080067a0       0xe8 ./Middlewares/Third_Party/FreeRTOS/Source/tasks.o
                0x080067a0                vTaskSuspend
 .text.vTaskPlaceOnEventList
                0x08006888       0x30 ./Middlewares/Third_Party/FreeRTOS/Source/tasks.o
                0x08006888                vTaskPlaceOnEventList
 .text.xTaskRemoveFromEventList
                0x080068b8       0x88 ./Middlewares/Third_Party/FreeRTOS/Source/tasks.o
                0x080068b8                xTaskRemoveFromEventList
 .text.vTaskInternalSetTimeOutState
                0x08006940       0x18 ./Middlewares/Third_Party/FreeRTOS/Source/tasks.o
                0x08006940                vTaskInternalSetTimeOutState
 .text.xTaskCheckForTimeOut
                0x08006958       0x84 ./Middlewares/Third_Party/FreeRTOS/Source/tasks.o
                0x08006958                xTaskCheckForTimeOut
 .text.vTaskMissedYield
                0x080069dc        0xc ./Middlewares/Third_Party/FreeRTOS/Source/tasks.o
                0x080069dc                vTaskMissedYield
 .text.xTaskGetSchedulerState
                0x080069e8       0x20 ./Middlewares/Third_Party/FreeRTOS/Source/tasks.o
                0x080069e8                xTaskGetSchedulerState
 .text.xTaskPriorityInherit
                0x08006a08       0xa8 ./Middlewares/Third_Party/FreeRTOS/Source/tasks.o
                0x08006a08                xTaskPriorityInherit
 .text.xTaskPriorityDisinherit
                0x08006ab0       0xb0 ./Middlewares/Third_Party/FreeRTOS/Source/tasks.o
                0x08006ab0                xTaskPriorityDisinherit
 .text.vTaskPriorityDisinheritAfterTimeout
                0x08006b60       0xb4 ./Middlewares/Third_Party/FreeRTOS/Source/tasks.o
                0x08006b60                vTaskPriorityDisinheritAfterTimeout
 .text.pvTaskIncrementMutexHeldCount
                0x08006c14       0x1c ./Middlewares/Third_Party/FreeRTOS/Source/tasks.o
                0x08006c14                pvTaskIncrementMutexHeldCount
 .text.prvTaskExitError
                0x08006c30       0x40 ./Middlewares/Third_Party/FreeRTOS/Source/portable/GCC/ARM_CM4F/port.o
 .text.prvPortStartFirstTask
                0x08006c70       0x28 ./Middlewares/Third_Party/FreeRTOS/Source/portable/GCC/ARM_CM4F/port.o
 .text.vPortEnableVFP
                0x08006c98       0x14 ./Middlewares/Third_Party/FreeRTOS/Source/portable/GCC/ARM_CM4F/port.o
 .text.pxPortInitialiseStack
                0x08006cac       0x2c ./Middlewares/Third_Party/FreeRTOS/Source/portable/GCC/ARM_CM4F/port.o
                0x08006cac                pxPortInitialiseStack
 *fill*         0x08006cd8        0x8 
 .text.SVC_Handler
                0x08006ce0       0x24 ./Middlewares/Third_Party/FreeRTOS/Source/portable/GCC/ARM_CM4F/port.o
                0x08006ce0                SVC_Handler
 .text.vPortEnterCritical
                0x08006d04       0x44 ./Middlewares/Third_Party/FreeRTOS/Source/portable/GCC/ARM_CM4F/port.o
                0x08006d04                vPortEnterCritical
 .text.vPortExitCritical
                0x08006d48       0x2c ./Middlewares/Third_Party/FreeRTOS/Source/portable/GCC/ARM_CM4F/port.o
                0x08006d48                vPortExitCritical
 *fill*         0x08006d74        0xc 
 .text.PendSV_Handler
                0x08006d80       0x64 ./Middlewares/Third_Party/FreeRTOS/Source/portable/GCC/ARM_CM4F/port.o
                0x08006d80                PendSV_Handler
 .text.SysTick_Handler
                0x08006de4       0x2c ./Middlewares/Third_Party/FreeRTOS/Source/portable/GCC/ARM_CM4F/port.o
                0x08006de4                SysTick_Handler
 .text.vPortSetupTimerInterrupt
                0x08006e10       0x28 ./Middlewares/Third_Party/FreeRTOS/Source/portable/GCC/ARM_CM4F/port.o
                0x08006e10                vPortSetupTimerInterrupt
 .text.xPortStartScheduler
                0x08006e38      0x11c ./Middlewares/Third_Party/FreeRTOS/Source/portable/GCC/ARM_CM4F/port.o
                0x08006e38                xPortStartScheduler
 .text.vPortValidateInterruptPriority
                0x08006f54       0x5c ./Middlewares/Third_Party/FreeRTOS/Source/portable/GCC/ARM_CM4F/port.o
                0x08006f54                vPortValidateInterruptPriority
 .text.prvInsertBlockIntoFreeList
                0x08006fb0       0x60 ./Middlewares/Third_Party/FreeRTOS/Source/portable/MemMang/heap_4.o
 .text.pvPortMalloc
                0x08007010      0x138 ./Middlewares/Third_Party/FreeRTOS/Source/portable/MemMang/heap_4.o
                0x08007010                pvPortMalloc
 .text.vPortFree
                0x08007148       0x7c ./Middlewares/Third_Party/FreeRTOS/Source/portable/MemMang/heap_4.o
                0x08007148                vPortFree
 .text.__cvt    0x080071c4       0xca /Applications/STM32CubeIDE.app/Contents/Eclipse/plugins/com.st.stm32cube.ide.mcu.externaltools.gnu-tools-for-stm32.12.3.rel1.macos64_1.0.200.202406191456/tools/bin/../lib/gcc/arm-none-eabi/12.3.1/../../../../arm-none-eabi/lib/thumb/v7e-m+fp/hard/libc_nano.a(libc_a-nano-vfprintf_float.o)
                0x080071c4                __cvt
 .text.__exponent
                0x0800728e       0x74 /Applications/STM32CubeIDE.app/Contents/Eclipse/plugins/com.st.stm32cube.ide.mcu.externaltools.gnu-tools-for-stm32.12.3.rel1.macos64_1.0.200.202406191456/tools/bin/../lib/gcc/arm-none-eabi/12.3.1/../../../../arm-none-eabi/lib/thumb/v7e-m+fp/hard/libc_nano.a(libc_a-nano-vfprintf_float.o)
                0x0800728e                __exponent
 *fill*         0x08007302        0x2 
 .text._printf_float
                0x08007304      0x454 /Applications/STM32CubeIDE.app/Contents/Eclipse/plugins/com.st.stm32cube.ide.mcu.externaltools.gnu-tools-for-stm32.12.3.rel1.macos64_1.0.200.202406191456/tools/bin/../lib/gcc/arm-none-eabi/12.3.1/../../../../arm-none-eabi/lib/thumb/v7e-m+fp/hard/libc_nano.a(libc_a-nano-vfprintf_float.o)
                0x08007304                _printf_float
 .text._printf_common
                0x08007758       0xda /Applications/STM32CubeIDE.app/Contents/Eclipse/plugins/com.st.stm32cube.ide.mcu.externaltools.gnu-tools-for-stm32.12.3.rel1.macos64_1.0.200.202406191456/tools/bin/../lib/gcc/arm-none-eabi/12.3.1/../../../../arm-none-eabi/lib/thumb/v7e-m+fp/hard/libc_nano.a(libc_a-nano-vfprintf_i.o)
                0x08007758                _printf_common
 *fill*         0x08007832        0x2 
 .text._printf_i
                0x08007834      0x240 /Applications/STM32CubeIDE.app/Contents/Eclipse/plugins/com.st.stm32cube.ide.mcu.externaltools.gnu-tools-for-stm32.12.3.rel1.macos64_1.0.200.202406191456/tools/bin/../lib/gcc/arm-none-eabi/12.3.1/../../../../arm-none-eabi/lib/thumb/v7e-m+fp/hard/libc_nano.a(libc_a-nano-vfprintf_i.o)
                0x08007834                _printf_i
 .text._scanf_float
                0x08007a74      0x428 /Applications/STM32CubeIDE.app/Contents/Eclipse/plugins/com.st.stm32cube.ide.mcu.externaltools.gnu-tools-for-stm32.12.3.rel1.macos64_1.0.200.202406191456/tools/bin/../lib/gcc/arm-none-eabi/12.3.1/../../../../arm-none-eabi/lib/thumb/v7e-m+fp/hard/libc_nano.a(libc_a-nano-vfscanf_float.o)
                0x08007a74                _scanf_float
 .text.sprintf  0x08007e9c       0x40 /Applications/STM32CubeIDE.app/Contents/Eclipse/plugins/com.st.stm32cube.ide.mcu.externaltools.gnu-tools-for-stm32.12.3.rel1.macos64_1.0.200.202406191456/tools/bin/../lib/gcc/arm-none-eabi/12.3.1/../../../../arm-none-eabi/lib/thumb/v7e-m+fp/hard/libc_nano.a(libc_a-sprintf.o)
                0x08007e9c                sprintf
                0x08007e9c                siprintf
 .text.std      0x08007edc       0x6c /Applications/STM32CubeIDE.app/Contents/Eclipse/plugins/com.st.stm32cube.ide.mcu.externaltools.gnu-tools-for-stm32.12.3.rel1.macos64_1.0.200.202406191456/tools/bin/../lib/gcc/arm-none-eabi/12.3.1/../../../../arm-none-eabi/lib/thumb/v7e-m+fp/hard/libc_nano.a(libc_a-findfp.o)
 .text.stdio_exit_handler
                0x08007f48       0x18 /Applications/STM32CubeIDE.app/Contents/Eclipse/plugins/com.st.stm32cube.ide.mcu.externaltools.gnu-tools-for-stm32.12.3.rel1.macos64_1.0.200.202406191456/tools/bin/../lib/gcc/arm-none-eabi/12.3.1/../../../../arm-none-eabi/lib/thumb/v7e-m+fp/hard/libc_nano.a(libc_a-findfp.o)
 .text.cleanup_stdio
                0x08007f60       0x40 /Applications/STM32CubeIDE.app/Contents/Eclipse/plugins/com.st.stm32cube.ide.mcu.externaltools.gnu-tools-for-stm32.12.3.rel1.macos64_1.0.200.202406191456/tools/bin/../lib/gcc/arm-none-eabi/12.3.1/../../../../arm-none-eabi/lib/thumb/v7e-m+fp/hard/libc_nano.a(libc_a-findfp.o)
 .text.global_stdio_init.part.0
                0x08007fa0       0x3c /Applications/STM32CubeIDE.app/Contents/Eclipse/plugins/com.st.stm32cube.ide.mcu.externaltools.gnu-tools-for-stm32.12.3.rel1.macos64_1.0.200.202406191456/tools/bin/../lib/gcc/arm-none-eabi/12.3.1/../../../../arm-none-eabi/lib/thumb/v7e-m+fp/hard/libc_nano.a(libc_a-findfp.o)
 .text.__sfp_lock_acquire
                0x08007fdc        0xc /Applications/STM32CubeIDE.app/Contents/Eclipse/plugins/com.st.stm32cube.ide.mcu.externaltools.gnu-tools-for-stm32.12.3.rel1.macos64_1.0.200.202406191456/tools/bin/../lib/gcc/arm-none-eabi/12.3.1/../../../../arm-none-eabi/lib/thumb/v7e-m+fp/hard/libc_nano.a(libc_a-findfp.o)
                0x08007fdc                __sfp_lock_acquire
 .text.__sfp_lock_release
                0x08007fe8        0xc /Applications/STM32CubeIDE.app/Contents/Eclipse/plugins/com.st.stm32cube.ide.mcu.externaltools.gnu-tools-for-stm32.12.3.rel1.macos64_1.0.200.202406191456/tools/bin/../lib/gcc/arm-none-eabi/12.3.1/../../../../arm-none-eabi/lib/thumb/v7e-m+fp/hard/libc_nano.a(libc_a-findfp.o)
                0x08007fe8                __sfp_lock_release
 .text.__sinit  0x08007ff4       0x30 /Applications/STM32CubeIDE.app/Contents/Eclipse/plugins/com.st.stm32cube.ide.mcu.externaltools.gnu-tools-for-stm32.12.3.rel1.macos64_1.0.200.202406191456/tools/bin/../lib/gcc/arm-none-eabi/12.3.1/../../../../arm-none-eabi/lib/thumb/v7e-m+fp/hard/libc_nano.a(libc_a-findfp.o)
                0x08007ff4                __sinit
 .text.sulp     0x08008024       0x3c /Applications/STM32CubeIDE.app/Contents/Eclipse/plugins/com.st.stm32cube.ide.mcu.externaltools.gnu-tools-for-stm32.12.3.rel1.macos64_1.0.200.202406191456/tools/bin/../lib/gcc/arm-none-eabi/12.3.1/../../../../arm-none-eabi/lib/thumb/v7e-m+fp/hard/libc_nano.a(libc_a-strtod.o)
 .text._strtod_l
                0x08008060      0xbc8 /Applications/STM32CubeIDE.app/Contents/Eclipse/plugins/com.st.stm32cube.ide.mcu.externaltools.gnu-tools-for-stm32.12.3.rel1.macos64_1.0.200.202406191456/tools/bin/../lib/gcc/arm-none-eabi/12.3.1/../../../../arm-none-eabi/lib/thumb/v7e-m+fp/hard/libc_nano.a(libc_a-strtod.o)
                0x08008060                _strtod_l
 .text._strtod_r
                0x08008c28        0xc /Applications/STM32CubeIDE.app/Contents/Eclipse/plugins/com.st.stm32cube.ide.mcu.externaltools.gnu-tools-for-stm32.12.3.rel1.macos64_1.0.200.202406191456/tools/bin/../lib/gcc/arm-none-eabi/12.3.1/../../../../arm-none-eabi/lib/thumb/v7e-m+fp/hard/libc_nano.a(libc_a-strtod.o)
                0x08008c28                _strtod_r
 .text._strtol_l.constprop.0
                0x08008c34       0xf4 /Applications/STM32CubeIDE.app/Contents/Eclipse/plugins/com.st.stm32cube.ide.mcu.externaltools.gnu-tools-for-stm32.12.3.rel1.macos64_1.0.200.202406191456/tools/bin/../lib/gcc/arm-none-eabi/12.3.1/../../../../arm-none-eabi/lib/thumb/v7e-m+fp/hard/libc_nano.a(libc_a-strtol.o)
 .text._strtol_r
                0x08008d28        0x4 /Applications/STM32CubeIDE.app/Contents/Eclipse/plugins/com.st.stm32cube.ide.mcu.externaltools.gnu-tools-for-stm32.12.3.rel1.macos64_1.0.200.202406191456/tools/bin/../lib/gcc/arm-none-eabi/12.3.1/../../../../arm-none-eabi/lib/thumb/v7e-m+fp/hard/libc_nano.a(libc_a-strtol.o)
                0x08008d28                _strtol_r
 .text._fwalk_sglue
                0x08008d2c       0x3c /Applications/STM32CubeIDE.app/Contents/Eclipse/plugins/com.st.stm32cube.ide.mcu.externaltools.gnu-tools-for-stm32.12.3.rel1.macos64_1.0.200.202406191456/tools/bin/../lib/gcc/arm-none-eabi/12.3.1/../../../../arm-none-eabi/lib/thumb/v7e-m+fp/hard/libc_nano.a(libc_a-fwalk.o)
                0x08008d2c                _fwalk_sglue
 .text.printf   0x08008d68       0x24 /Applications/STM32CubeIDE.app/Contents/Eclipse/plugins/com.st.stm32cube.ide.mcu.externaltools.gnu-tools-for-stm32.12.3.rel1.macos64_1.0.200.202406191456/tools/bin/../lib/gcc/arm-none-eabi/12.3.1/../../../../arm-none-eabi/lib/thumb/v7e-m+fp/hard/libc_nano.a(libc_a-printf.o)
                0x08008d68                printf
                0x08008d68                iprintf
 .text.putchar  0x08008d8c       0x10 /Applications/STM32CubeIDE.app/Contents/Eclipse/plugins/com.st.stm32cube.ide.mcu.externaltools.gnu-tools-for-stm32.12.3.rel1.macos64_1.0.200.202406191456/tools/bin/../lib/gcc/arm-none-eabi/12.3.1/../../../../arm-none-eabi/lib/thumb/v7e-m+fp/hard/libc_nano.a(libc_a-putchar.o)
                0x08008d8c                putchar
 .text.strncmp  0x08008d9c       0x24 /Applications/STM32CubeIDE.app/Contents/Eclipse/plugins/com.st.stm32cube.ide.mcu.externaltools.gnu-tools-for-stm32.12.3.rel1.macos64_1.0.200.202406191456/tools/bin/../lib/gcc/arm-none-eabi/12.3.1/../../../../arm-none-eabi/lib/thumb/v7e-m+fp/hard/libc_nano.a(libc_a-strncmp.o)
                0x08008d9c                strncmp
 .text.memset   0x08008dc0       0x10 /Applications/STM32CubeIDE.app/Contents/Eclipse/plugins/com.st.stm32cube.ide.mcu.externaltools.gnu-tools-for-stm32.12.3.rel1.macos64_1.0.200.202406191456/tools/bin/../lib/gcc/arm-none-eabi/12.3.1/../../../../arm-none-eabi/lib/thumb/v7e-m+fp/hard/libc_nano.a(libc_a-memset.o)
                0x08008dc0                memset
 .text._localeconv_r
                0x08008dd0        0x8 /Applications/STM32CubeIDE.app/Contents/Eclipse/plugins/com.st.stm32cube.ide.mcu.externaltools.gnu-tools-for-stm32.12.3.rel1.macos64_1.0.200.202406191456/tools/bin/../lib/gcc/arm-none-eabi/12.3.1/../../../../arm-none-eabi/lib/thumb/v7e-m+fp/hard/libc_nano.a(libc_a-localeconv.o)
                0x08008dd0                _localeconv_r
 .text.__errno  0x08008dd8        0xc /Applications/STM32CubeIDE.app/Contents/Eclipse/plugins/com.st.stm32cube.ide.mcu.externaltools.gnu-tools-for-stm32.12.3.rel1.macos64_1.0.200.202406191456/tools/bin/../lib/gcc/arm-none-eabi/12.3.1/../../../../arm-none-eabi/lib/thumb/v7e-m+fp/hard/libc_nano.a(libc_a-errno.o)
                0x08008dd8                __errno
 .text.__libc_init_array
                0x08008de4       0x48 /Applications/STM32CubeIDE.app/Contents/Eclipse/plugins/com.st.stm32cube.ide.mcu.externaltools.gnu-tools-for-stm32.12.3.rel1.macos64_1.0.200.202406191456/tools/bin/../lib/gcc/arm-none-eabi/12.3.1/../../../../arm-none-eabi/lib/thumb/v7e-m+fp/hard/libc_nano.a(libc_a-init.o)
                0x08008de4                __libc_init_array
 .text.__retarget_lock_init_recursive
                0x08008e2c        0x2 /Applications/STM32CubeIDE.app/Contents/Eclipse/plugins/com.st.stm32cube.ide.mcu.externaltools.gnu-tools-for-stm32.12.3.rel1.macos64_1.0.200.202406191456/tools/bin/../lib/gcc/arm-none-eabi/12.3.1/../../../../arm-none-eabi/lib/thumb/v7e-m+fp/hard/libc_nano.a(libc_a-lock.o)
                0x08008e2c                __retarget_lock_init_recursive
 .text.__retarget_lock_acquire_recursive
                0x08008e2e        0x2 /Applications/STM32CubeIDE.app/Contents/Eclipse/plugins/com.st.stm32cube.ide.mcu.externaltools.gnu-tools-for-stm32.12.3.rel1.macos64_1.0.200.202406191456/tools/bin/../lib/gcc/arm-none-eabi/12.3.1/../../../../arm-none-eabi/lib/thumb/v7e-m+fp/hard/libc_nano.a(libc_a-lock.o)
                0x08008e2e                __retarget_lock_acquire_recursive
 .text.__retarget_lock_release_recursive
                0x08008e30        0x2 /Applications/STM32CubeIDE.app/Contents/Eclipse/plugins/com.st.stm32cube.ide.mcu.externaltools.gnu-tools-for-stm32.12.3.rel1.macos64_1.0.200.202406191456/tools/bin/../lib/gcc/arm-none-eabi/12.3.1/../../../../arm-none-eabi/lib/thumb/v7e-m+fp/hard/libc_nano.a(libc_a-lock.o)
                0x08008e30                __retarget_lock_release_recursive
 .text.memcpy   0x08008e32       0x1c /Applications/STM32CubeIDE.app/Contents/Eclipse/plugins/com.st.stm32cube.ide.mcu.externaltools.gnu-tools-for-stm32.12.3.rel1.macos64_1.0.200.202406191456/tools/bin/../lib/gcc/arm-none-eabi/12.3.1/../../../../arm-none-eabi/lib/thumb/v7e-m+fp/hard/libc_nano.a(libc_a-memcpy-stub.o)
                0x08008e32                memcpy
 *fill*         0x08008e4e        0x2 
 .text.nan      0x08008e50       0x10 /Applications/STM32CubeIDE.app/Contents/Eclipse/plugins/com.st.stm32cube.ide.mcu.externaltools.gnu-tools-for-stm32.12.3.rel1.macos64_1.0.200.202406191456/tools/bin/../lib/gcc/arm-none-eabi/12.3.1/../../../../arm-none-eabi/lib/thumb/v7e-m+fp/hard/libc_nano.a(libm_a-s_nan.o)
                0x08008e50                nan
 .text.nanf     0x08008e60        0xc /Applications/STM32CubeIDE.app/Contents/Eclipse/plugins/com.st.stm32cube.ide.mcu.externaltools.gnu-tools-for-stm32.12.3.rel1.macos64_1.0.200.202406191456/tools/bin/../lib/gcc/arm-none-eabi/12.3.1/../../../../arm-none-eabi/lib/thumb/v7e-m+fp/hard/libc_nano.a(libm_a-sf_nan.o)
                0x08008e60                nanf
 .text.quorem   0x08008e6c      0x110 /Applications/STM32CubeIDE.app/Contents/Eclipse/plugins/com.st.stm32cube.ide.mcu.externaltools.gnu-tools-for-stm32.12.3.rel1.macos64_1.0.200.202406191456/tools/bin/../lib/gcc/arm-none-eabi/12.3.1/../../../../arm-none-eabi/lib/thumb/v7e-m+fp/hard/libc_nano.a(libc_a-dtoa.o)
 *fill*         0x08008f7c        0x4 
 .text._dtoa_r  0x08008f80      0xb88 /Applications/STM32CubeIDE.app/Contents/Eclipse/plugins/com.st.stm32cube.ide.mcu.externaltools.gnu-tools-for-stm32.12.3.rel1.macos64_1.0.200.202406191456/tools/bin/../lib/gcc/arm-none-eabi/12.3.1/../../../../arm-none-eabi/lib/thumb/v7e-m+fp/hard/libc_nano.a(libc_a-dtoa.o)
                0x08008f80                _dtoa_r
 .text.rshift   0x08009b08       0xa4 /Applications/STM32CubeIDE.app/Contents/Eclipse/plugins/com.st.stm32cube.ide.mcu.externaltools.gnu-tools-for-stm32.12.3.rel1.macos64_1.0.200.202406191456/tools/bin/../lib/gcc/arm-none-eabi/12.3.1/../../../../arm-none-eabi/lib/thumb/v7e-m+fp/hard/libc_nano.a(libc_a-gdtoa-gethex.o)
 .text.__hexdig_fun
                0x08009bac       0x2a /Applications/STM32CubeIDE.app/Contents/Eclipse/plugins/com.st.stm32cube.ide.mcu.externaltools.gnu-tools-for-stm32.12.3.rel1.macos64_1.0.200.202406191456/tools/bin/../lib/gcc/arm-none-eabi/12.3.1/../../../../arm-none-eabi/lib/thumb/v7e-m+fp/hard/libc_nano.a(libc_a-gdtoa-gethex.o)
                0x08009bac                __hexdig_fun
 *fill*         0x08009bd6        0x2 
 .text.__gethex
                0x08009bd8      0x420 /Applications/STM32CubeIDE.app/Contents/Eclipse/plugins/com.st.stm32cube.ide.mcu.externaltools.gnu-tools-for-stm32.12.3.rel1.macos64_1.0.200.202406191456/tools/bin/../lib/gcc/arm-none-eabi/12.3.1/../../../../arm-none-eabi/lib/thumb/v7e-m+fp/hard/libc_nano.a(libc_a-gdtoa-gethex.o)
                0x08009bd8                __gethex
 .text.L_shift  0x08009ff8       0x24 /Applications/STM32CubeIDE.app/Contents/Eclipse/plugins/com.st.stm32cube.ide.mcu.externaltools.gnu-tools-for-stm32.12.3.rel1.macos64_1.0.200.202406191456/tools/bin/../lib/gcc/arm-none-eabi/12.3.1/../../../../arm-none-eabi/lib/thumb/v7e-m+fp/hard/libc_nano.a(libc_a-gdtoa-hexnan.o)
 .text.__match  0x0800a01c       0x28 /Applications/STM32CubeIDE.app/Contents/Eclipse/plugins/com.st.stm32cube.ide.mcu.externaltools.gnu-tools-for-stm32.12.3.rel1.macos64_1.0.200.202406191456/tools/bin/../lib/gcc/arm-none-eabi/12.3.1/../../../../arm-none-eabi/lib/thumb/v7e-m+fp/hard/libc_nano.a(libc_a-gdtoa-hexnan.o)
                0x0800a01c                __match
 .text.__hexnan
                0x0800a044      0x136 /Applications/STM32CubeIDE.app/Contents/Eclipse/plugins/com.st.stm32cube.ide.mcu.externaltools.gnu-tools-for-stm32.12.3.rel1.macos64_1.0.200.202406191456/tools/bin/../lib/gcc/arm-none-eabi/12.3.1/../../../../arm-none-eabi/lib/thumb/v7e-m+fp/hard/libc_nano.a(libc_a-gdtoa-hexnan.o)
                0x0800a044                __hexnan
 .text.__ssputs_r
                0x0800a17a       0xb6 /Applications/STM32CubeIDE.app/Contents/Eclipse/plugins/com.st.stm32cube.ide.mcu.externaltools.gnu-tools-for-stm32.12.3.rel1.macos64_1.0.200.202406191456/tools/bin/../lib/gcc/arm-none-eabi/12.3.1/../../../../arm-none-eabi/lib/thumb/v7e-m+fp/hard/libc_nano.a(libc_a-nano-svfprintf.o)
                0x0800a17a                __ssputs_r
 .text._svfprintf_r
                0x0800a230      0x1f8 /Applications/STM32CubeIDE.app/Contents/Eclipse/plugins/com.st.stm32cube.ide.mcu.externaltools.gnu-tools-for-stm32.12.3.rel1.macos64_1.0.200.202406191456/tools/bin/../lib/gcc/arm-none-eabi/12.3.1/../../../../arm-none-eabi/lib/thumb/v7e-m+fp/hard/libc_nano.a(libc_a-nano-svfprintf.o)
                0x0800a230                _svfprintf_r
                0x0800a230                _svfiprintf_r
 .text.__sfputc_r
                0x0800a428       0x2e /Applications/STM32CubeIDE.app/Contents/Eclipse/plugins/com.st.stm32cube.ide.mcu.externaltools.gnu-tools-for-stm32.12.3.rel1.macos64_1.0.200.202406191456/tools/bin/../lib/gcc/arm-none-eabi/12.3.1/../../../../arm-none-eabi/lib/thumb/v7e-m+fp/hard/libc_nano.a(libc_a-nano-vfprintf.o)
 .text.__sfputs_r
                0x0800a456       0x24 /Applications/STM32CubeIDE.app/Contents/Eclipse/plugins/com.st.stm32cube.ide.mcu.externaltools.gnu-tools-for-stm32.12.3.rel1.macos64_1.0.200.202406191456/tools/bin/../lib/gcc/arm-none-eabi/12.3.1/../../../../arm-none-eabi/lib/thumb/v7e-m+fp/hard/libc_nano.a(libc_a-nano-vfprintf.o)
                0x0800a456                __sfputs_r
 *fill*         0x0800a47a        0x2 
 .text._vfprintf_r
                0x0800a47c      0x230 /Applications/STM32CubeIDE.app/Contents/Eclipse/plugins/com.st.stm32cube.ide.mcu.externaltools.gnu-tools-for-stm32.12.3.rel1.macos64_1.0.200.202406191456/tools/bin/../lib/gcc/arm-none-eabi/12.3.1/../../../../arm-none-eabi/lib/thumb/v7e-m+fp/hard/libc_nano.a(libc_a-nano-vfprintf.o)
                0x0800a47c                _vfiprintf_r
                0x0800a47c                _vfprintf_r
 .text.malloc   0x0800a6ac       0x10 /Applications/STM32CubeIDE.app/Contents/Eclipse/plugins/com.st.stm32cube.ide.mcu.externaltools.gnu-tools-for-stm32.12.3.rel1.macos64_1.0.200.202406191456/tools/bin/../lib/gcc/arm-none-eabi/12.3.1/../../../../arm-none-eabi/lib/thumb/v7e-m+fp/hard/libc_nano.a(libc_a-malloc.o)
                0x0800a6ac                malloc
 .text.sbrk_aligned
                0x0800a6bc       0x44 /Applications/STM32CubeIDE.app/Contents/Eclipse/plugins/com.st.stm32cube.ide.mcu.externaltools.gnu-tools-for-stm32.12.3.rel1.macos64_1.0.200.202406191456/tools/bin/../lib/gcc/arm-none-eabi/12.3.1/../../../../arm-none-eabi/lib/thumb/v7e-m+fp/hard/libc_nano.a(libc_a-mallocr.o)
 .text._malloc_r
                0x0800a700      0x100 /Applications/STM32CubeIDE.app/Contents/Eclipse/plugins/com.st.stm32cube.ide.mcu.externaltools.gnu-tools-for-stm32.12.3.rel1.macos64_1.0.200.202406191456/tools/bin/../lib/gcc/arm-none-eabi/12.3.1/../../../../arm-none-eabi/lib/thumb/v7e-m+fp/hard/libc_nano.a(libc_a-mallocr.o)
                0x0800a700                _malloc_r
 .text.__ascii_mbtowc
                0x0800a800       0x24 /Applications/STM32CubeIDE.app/Contents/Eclipse/plugins/com.st.stm32cube.ide.mcu.externaltools.gnu-tools-for-stm32.12.3.rel1.macos64_1.0.200.202406191456/tools/bin/../lib/gcc/arm-none-eabi/12.3.1/../../../../arm-none-eabi/lib/thumb/v7e-m+fp/hard/libc_nano.a(libc_a-mbtowc_r.o)
                0x0800a800                __ascii_mbtowc
 .text.__sflush_r
                0x0800a824      0x108 /Applications/STM32CubeIDE.app/Contents/Eclipse/plugins/com.st.stm32cube.ide.mcu.externaltools.gnu-tools-for-stm32.12.3.rel1.macos64_1.0.200.202406191456/tools/bin/../lib/gcc/arm-none-eabi/12.3.1/../../../../arm-none-eabi/lib/thumb/v7e-m+fp/hard/libc_nano.a(libc_a-fflush.o)
                0x0800a824                __sflush_r
 .text._fflush_r
                0x0800a92c       0x50 /Applications/STM32CubeIDE.app/Contents/Eclipse/plugins/com.st.stm32cube.ide.mcu.externaltools.gnu-tools-for-stm32.12.3.rel1.macos64_1.0.200.202406191456/tools/bin/../lib/gcc/arm-none-eabi/12.3.1/../../../../arm-none-eabi/lib/thumb/v7e-m+fp/hard/libc_nano.a(libc_a-fflush.o)
                0x0800a92c                _fflush_r
 .text.__malloc_lock
                0x0800a97c        0xc /Applications/STM32CubeIDE.app/Contents/Eclipse/plugins/com.st.stm32cube.ide.mcu.externaltools.gnu-tools-for-stm32.12.3.rel1.macos64_1.0.200.202406191456/tools/bin/../lib/gcc/arm-none-eabi/12.3.1/../../../../arm-none-eabi/lib/thumb/v7e-m+fp/hard/libc_nano.a(libc_a-mlock.o)
                0x0800a97c                __malloc_lock
 .text.__malloc_unlock
                0x0800a988        0xc /Applications/STM32CubeIDE.app/Contents/Eclipse/plugins/com.st.stm32cube.ide.mcu.externaltools.gnu-tools-for-stm32.12.3.rel1.macos64_1.0.200.202406191456/tools/bin/../lib/gcc/arm-none-eabi/12.3.1/../../../../arm-none-eabi/lib/thumb/v7e-m+fp/hard/libc_nano.a(libc_a-mlock.o)
                0x0800a988                __malloc_unlock
 .text._Balloc  0x0800a994       0x80 /Applications/STM32CubeIDE.app/Contents/Eclipse/plugins/com.st.stm32cube.ide.mcu.externaltools.gnu-tools-for-stm32.12.3.rel1.macos64_1.0.200.202406191456/tools/bin/../lib/gcc/arm-none-eabi/12.3.1/../../../../arm-none-eabi/lib/thumb/v7e-m+fp/hard/libc_nano.a(libc_a-mprec.o)
                0x0800a994                _Balloc
 .text._Bfree   0x0800aa14       0x44 /Applications/STM32CubeIDE.app/Contents/Eclipse/plugins/com.st.stm32cube.ide.mcu.externaltools.gnu-tools-for-stm32.12.3.rel1.macos64_1.0.200.202406191456/tools/bin/../lib/gcc/arm-none-eabi/12.3.1/../../../../arm-none-eabi/lib/thumb/v7e-m+fp/hard/libc_nano.a(libc_a-mprec.o)
                0x0800aa14                _Bfree
 .text.__multadd
                0x0800aa58       0x8c /Applications/STM32CubeIDE.app/Contents/Eclipse/plugins/com.st.stm32cube.ide.mcu.externaltools.gnu-tools-for-stm32.12.3.rel1.macos64_1.0.200.202406191456/tools/bin/../lib/gcc/arm-none-eabi/12.3.1/../../../../arm-none-eabi/lib/thumb/v7e-m+fp/hard/libc_nano.a(libc_a-mprec.o)
                0x0800aa58                __multadd
 .text.__s2b    0x0800aae4       0x94 /Applications/STM32CubeIDE.app/Contents/Eclipse/plugins/com.st.stm32cube.ide.mcu.externaltools.gnu-tools-for-stm32.12.3.rel1.macos64_1.0.200.202406191456/tools/bin/../lib/gcc/arm-none-eabi/12.3.1/../../../../arm-none-eabi/lib/thumb/v7e-m+fp/hard/libc_nano.a(libc_a-mprec.o)
                0x0800aae4                __s2b
 .text.__hi0bits
                0x0800ab78       0x3e /Applications/STM32CubeIDE.app/Contents/Eclipse/plugins/com.st.stm32cube.ide.mcu.externaltools.gnu-tools-for-stm32.12.3.rel1.macos64_1.0.200.202406191456/tools/bin/../lib/gcc/arm-none-eabi/12.3.1/../../../../arm-none-eabi/lib/thumb/v7e-m+fp/hard/libc_nano.a(libc_a-mprec.o)
                0x0800ab78                __hi0bits
 .text.__lo0bits
                0x0800abb6       0x5a /Applications/STM32CubeIDE.app/Contents/Eclipse/plugins/com.st.stm32cube.ide.mcu.externaltools.gnu-tools-for-stm32.12.3.rel1.macos64_1.0.200.202406191456/tools/bin/../lib/gcc/arm-none-eabi/12.3.1/../../../../arm-none-eabi/lib/thumb/v7e-m+fp/hard/libc_nano.a(libc_a-mprec.o)
                0x0800abb6                __lo0bits
 .text.__i2b    0x0800ac10       0x2c /Applications/STM32CubeIDE.app/Contents/Eclipse/plugins/com.st.stm32cube.ide.mcu.externaltools.gnu-tools-for-stm32.12.3.rel1.macos64_1.0.200.202406191456/tools/bin/../lib/gcc/arm-none-eabi/12.3.1/../../../../arm-none-eabi/lib/thumb/v7e-m+fp/hard/libc_nano.a(libc_a-mprec.o)
                0x0800ac10                __i2b
 .text.__multiply
                0x0800ac3c      0x154 /Applications/STM32CubeIDE.app/Contents/Eclipse/plugins/com.st.stm32cube.ide.mcu.externaltools.gnu-tools-for-stm32.12.3.rel1.macos64_1.0.200.202406191456/tools/bin/../lib/gcc/arm-none-eabi/12.3.1/../../../../arm-none-eabi/lib/thumb/v7e-m+fp/hard/libc_nano.a(libc_a-mprec.o)
                0x0800ac3c                __multiply
 .text.__pow5mult
                0x0800ad90       0xb4 /Applications/STM32CubeIDE.app/Contents/Eclipse/plugins/com.st.stm32cube.ide.mcu.externaltools.gnu-tools-for-stm32.12.3.rel1.macos64_1.0.200.202406191456/tools/bin/../lib/gcc/arm-none-eabi/12.3.1/../../../../arm-none-eabi/lib/thumb/v7e-m+fp/hard/libc_nano.a(libc_a-mprec.o)
                0x0800ad90                __pow5mult
 .text.__lshift
                0x0800ae44       0xd8 /Applications/STM32CubeIDE.app/Contents/Eclipse/plugins/com.st.stm32cube.ide.mcu.externaltools.gnu-tools-for-stm32.12.3.rel1.macos64_1.0.200.202406191456/tools/bin/../lib/gcc/arm-none-eabi/12.3.1/../../../../arm-none-eabi/lib/thumb/v7e-m+fp/hard/libc_nano.a(libc_a-mprec.o)
                0x0800ae44                __lshift
 .text.__mcmp   0x0800af1c       0x36 /Applications/STM32CubeIDE.app/Contents/Eclipse/plugins/com.st.stm32cube.ide.mcu.externaltools.gnu-tools-for-stm32.12.3.rel1.macos64_1.0.200.202406191456/tools/bin/../lib/gcc/arm-none-eabi/12.3.1/../../../../arm-none-eabi/lib/thumb/v7e-m+fp/hard/libc_nano.a(libc_a-mprec.o)
                0x0800af1c                __mcmp
 *fill*         0x0800af52        0x2 
 .text.__mdiff  0x0800af54      0x128 /Applications/STM32CubeIDE.app/Contents/Eclipse/plugins/com.st.stm32cube.ide.mcu.externaltools.gnu-tools-for-stm32.12.3.rel1.macos64_1.0.200.202406191456/tools/bin/../lib/gcc/arm-none-eabi/12.3.1/../../../../arm-none-eabi/lib/thumb/v7e-m+fp/hard/libc_nano.a(libc_a-mprec.o)
                0x0800af54                __mdiff
 .text.__ulp    0x0800b07c       0x4c /Applications/STM32CubeIDE.app/Contents/Eclipse/plugins/com.st.stm32cube.ide.mcu.externaltools.gnu-tools-for-stm32.12.3.rel1.macos64_1.0.200.202406191456/tools/bin/../lib/gcc/arm-none-eabi/12.3.1/../../../../arm-none-eabi/lib/thumb/v7e-m+fp/hard/libc_nano.a(libc_a-mprec.o)
                0x0800b07c                __ulp
 .text.__b2d    0x0800b0c8       0x94 /Applications/STM32CubeIDE.app/Contents/Eclipse/plugins/com.st.stm32cube.ide.mcu.externaltools.gnu-tools-for-stm32.12.3.rel1.macos64_1.0.200.202406191456/tools/bin/../lib/gcc/arm-none-eabi/12.3.1/../../../../arm-none-eabi/lib/thumb/v7e-m+fp/hard/libc_nano.a(libc_a-mprec.o)
                0x0800b0c8                __b2d
 .text.__d2b    0x0800b15c       0xb0 /Applications/STM32CubeIDE.app/Contents/Eclipse/plugins/com.st.stm32cube.ide.mcu.externaltools.gnu-tools-for-stm32.12.3.rel1.macos64_1.0.200.202406191456/tools/bin/../lib/gcc/arm-none-eabi/12.3.1/../../../../arm-none-eabi/lib/thumb/v7e-m+fp/hard/libc_nano.a(libc_a-mprec.o)
                0x0800b15c                __d2b
 .text.__ratio  0x0800b20c       0x64 /Applications/STM32CubeIDE.app/Contents/Eclipse/plugins/com.st.stm32cube.ide.mcu.externaltools.gnu-tools-for-stm32.12.3.rel1.macos64_1.0.200.202406191456/tools/bin/../lib/gcc/arm-none-eabi/12.3.1/../../../../arm-none-eabi/lib/thumb/v7e-m+fp/hard/libc_nano.a(libc_a-mprec.o)
                0x0800b20c                __ratio
 .text.__copybits
                0x0800b270       0x46 /Applications/STM32CubeIDE.app/Contents/Eclipse/plugins/com.st.stm32cube.ide.mcu.externaltools.gnu-tools-for-stm32.12.3.rel1.macos64_1.0.200.202406191456/tools/bin/../lib/gcc/arm-none-eabi/12.3.1/../../../../arm-none-eabi/lib/thumb/v7e-m+fp/hard/libc_nano.a(libc_a-mprec.o)
                0x0800b270                __copybits
 .text.__any_on
                0x0800b2b6       0x42 /Applications/STM32CubeIDE.app/Contents/Eclipse/plugins/com.st.stm32cube.ide.mcu.externaltools.gnu-tools-for-stm32.12.3.rel1.macos64_1.0.200.202406191456/tools/bin/../lib/gcc/arm-none-eabi/12.3.1/../../../../arm-none-eabi/lib/thumb/v7e-m+fp/hard/libc_nano.a(libc_a-mprec.o)
                0x0800b2b6                __any_on
 .text.__sread  0x0800b2f8       0x22 /Applications/STM32CubeIDE.app/Contents/Eclipse/plugins/com.st.stm32cube.ide.mcu.externaltools.gnu-tools-for-stm32.12.3.rel1.macos64_1.0.200.202406191456/tools/bin/../lib/gcc/arm-none-eabi/12.3.1/../../../../arm-none-eabi/lib/thumb/v7e-m+fp/hard/libc_nano.a(libc_a-stdio.o)
                0x0800b2f8                __sread
 .text.__swrite
                0x0800b31a       0x38 /Applications/STM32CubeIDE.app/Contents/Eclipse/plugins/com.st.stm32cube.ide.mcu.externaltools.gnu-tools-for-stm32.12.3.rel1.macos64_1.0.200.202406191456/tools/bin/../lib/gcc/arm-none-eabi/12.3.1/../../../../arm-none-eabi/lib/thumb/v7e-m+fp/hard/libc_nano.a(libc_a-stdio.o)
                0x0800b31a                __swrite
 .text.__sseek  0x0800b352       0x24 /Applications/STM32CubeIDE.app/Contents/Eclipse/plugins/com.st.stm32cube.ide.mcu.externaltools.gnu-tools-for-stm32.12.3.rel1.macos64_1.0.200.202406191456/tools/bin/../lib/gcc/arm-none-eabi/12.3.1/../../../../arm-none-eabi/lib/thumb/v7e-m+fp/hard/libc_nano.a(libc_a-stdio.o)
                0x0800b352                __sseek
 .text.__sclose
                0x0800b376        0x8 /Applications/STM32CubeIDE.app/Contents/Eclipse/plugins/com.st.stm32cube.ide.mcu.externaltools.gnu-tools-for-stm32.12.3.rel1.macos64_1.0.200.202406191456/tools/bin/../lib/gcc/arm-none-eabi/12.3.1/../../../../arm-none-eabi/lib/thumb/v7e-m+fp/hard/libc_nano.a(libc_a-stdio.o)
                0x0800b376                __sclose
 .text._realloc_r
                0x0800b37e       0x5c /Applications/STM32CubeIDE.app/Contents/Eclipse/plugins/com.st.stm32cube.ide.mcu.externaltools.gnu-tools-for-stm32.12.3.rel1.macos64_1.0.200.202406191456/tools/bin/../lib/gcc/arm-none-eabi/12.3.1/../../../../arm-none-eabi/lib/thumb/v7e-m+fp/hard/libc_nano.a(libc_a-reallocr.o)
                0x0800b37e                _realloc_r
 .text.__swbuf_r
                0x0800b3da       0x7c /Applications/STM32CubeIDE.app/Contents/Eclipse/plugins/com.st.stm32cube.ide.mcu.externaltools.gnu-tools-for-stm32.12.3.rel1.macos64_1.0.200.202406191456/tools/bin/../lib/gcc/arm-none-eabi/12.3.1/../../../../arm-none-eabi/lib/thumb/v7e-m+fp/hard/libc_nano.a(libc_a-wbuf.o)
                0x0800b3da                __swbuf_r
 *fill*         0x0800b456        0x2 
 .text.__swsetup_r
                0x0800b458       0xac /Applications/STM32CubeIDE.app/Contents/Eclipse/plugins/com.st.stm32cube.ide.mcu.externaltools.gnu-tools-for-stm32.12.3.rel1.macos64_1.0.200.202406191456/tools/bin/../lib/gcc/arm-none-eabi/12.3.1/../../../../arm-none-eabi/lib/thumb/v7e-m+fp/hard/libc_nano.a(libc_a-wsetup.o)
                0x0800b458                __swsetup_r
 .text.__ascii_wctomb
                0x0800b504       0x1a /Applications/STM32CubeIDE.app/Contents/Eclipse/plugins/com.st.stm32cube.ide.mcu.externaltools.gnu-tools-for-stm32.12.3.rel1.macos64_1.0.200.202406191456/tools/bin/../lib/gcc/arm-none-eabi/12.3.1/../../../../arm-none-eabi/lib/thumb/v7e-m+fp/hard/libc_nano.a(libc_a-wctomb_r.o)
                0x0800b504                __ascii_wctomb
 .text.__swhatbuf_r
                0x0800b51e       0x4c /Applications/STM32CubeIDE.app/Contents/Eclipse/plugins/com.st.stm32cube.ide.mcu.externaltools.gnu-tools-for-stm32.12.3.rel1.macos64_1.0.200.202406191456/tools/bin/../lib/gcc/arm-none-eabi/12.3.1/../../../../arm-none-eabi/lib/thumb/v7e-m+fp/hard/libc_nano.a(libc_a-makebuf.o)
                0x0800b51e                __swhatbuf_r
 .text.__smakebuf_r
                0x0800b56a       0x78 /Applications/STM32CubeIDE.app/Contents/Eclipse/plugins/com.st.stm32cube.ide.mcu.externaltools.gnu-tools-for-stm32.12.3.rel1.macos64_1.0.200.202406191456/tools/bin/../lib/gcc/arm-none-eabi/12.3.1/../../../../arm-none-eabi/lib/thumb/v7e-m+fp/hard/libc_nano.a(libc_a-makebuf.o)
                0x0800b56a                __smakebuf_r
 .text._putc_r  0x0800b5e2       0x68 /Applications/STM32CubeIDE.app/Contents/Eclipse/plugins/com.st.stm32cube.ide.mcu.externaltools.gnu-tools-for-stm32.12.3.rel1.macos64_1.0.200.202406191456/tools/bin/../lib/gcc/arm-none-eabi/12.3.1/../../../../arm-none-eabi/lib/thumb/v7e-m+fp/hard/libc_nano.a(libc_a-putc.o)
                0x0800b5e2                _putc_r
 .text.memmove  0x0800b64a       0x34 /Applications/STM32CubeIDE.app/Contents/Eclipse/plugins/com.st.stm32cube.ide.mcu.externaltools.gnu-tools-for-stm32.12.3.rel1.macos64_1.0.200.202406191456/tools/bin/../lib/gcc/arm-none-eabi/12.3.1/../../../../arm-none-eabi/lib/thumb/v7e-m+fp/hard/libc_nano.a(libc_a-memmove.o)
                0x0800b64a                memmove
 *fill*         0x0800b67e        0x2 
 .text._close_r
                0x0800b680       0x20 /Applications/STM32CubeIDE.app/Contents/Eclipse/plugins/com.st.stm32cube.ide.mcu.externaltools.gnu-tools-for-stm32.12.3.rel1.macos64_1.0.200.202406191456/tools/bin/../lib/gcc/arm-none-eabi/12.3.1/../../../../arm-none-eabi/lib/thumb/v7e-m+fp/hard/libc_nano.a(libc_a-closer.o)
                0x0800b680                _close_r
 .text._fstat_r
                0x0800b6a0       0x24 /Applications/STM32CubeIDE.app/Contents/Eclipse/plugins/com.st.stm32cube.ide.mcu.externaltools.gnu-tools-for-stm32.12.3.rel1.macos64_1.0.200.202406191456/tools/bin/../lib/gcc/arm-none-eabi/12.3.1/../../../../arm-none-eabi/lib/thumb/v7e-m+fp/hard/libc_nano.a(libc_a-fstatr.o)
                0x0800b6a0                _fstat_r
 .text._isatty_r
                0x0800b6c4       0x20 /Applications/STM32CubeIDE.app/Contents/Eclipse/plugins/com.st.stm32cube.ide.mcu.externaltools.gnu-tools-for-stm32.12.3.rel1.macos64_1.0.200.202406191456/tools/bin/../lib/gcc/arm-none-eabi/12.3.1/../../../../arm-none-eabi/lib/thumb/v7e-m+fp/hard/libc_nano.a(libc_a-isattyr.o)
                0x0800b6c4                _isatty_r
 .text._lseek_r
                0x0800b6e4       0x24 /Applications/STM32CubeIDE.app/Contents/Eclipse/plugins/com.st.stm32cube.ide.mcu.externaltools.gnu-tools-for-stm32.12.3.rel1.macos64_1.0.200.202406191456/tools/bin/../lib/gcc/arm-none-eabi/12.3.1/../../../../arm-none-eabi/lib/thumb/v7e-m+fp/hard/libc_nano.a(libc_a-lseekr.o)
                0x0800b6e4                _lseek_r
 .text._read_r  0x0800b708       0x24 /Applications/STM32CubeIDE.app/Contents/Eclipse/plugins/com.st.stm32cube.ide.mcu.externaltools.gnu-tools-for-stm32.12.3.rel1.macos64_1.0.200.202406191456/tools/bin/../lib/gcc/arm-none-eabi/12.3.1/../../../../arm-none-eabi/lib/thumb/v7e-m+fp/hard/libc_nano.a(libc_a-readr.o)
                0x0800b708                _read_r
 .text._sbrk_r  0x0800b72c       0x20 /Applications/STM32CubeIDE.app/Contents/Eclipse/plugins/com.st.stm32cube.ide.mcu.externaltools.gnu-tools-for-stm32.12.3.rel1.macos64_1.0.200.202406191456/tools/bin/../lib/gcc/arm-none-eabi/12.3.1/../../../../arm-none-eabi/lib/thumb/v7e-m+fp/hard/libc_nano.a(libc_a-sbrkr.o)
                0x0800b72c                _sbrk_r
 .text._write_r
                0x0800b74c       0x24 /Applications/STM32CubeIDE.app/Contents/Eclipse/plugins/com.st.stm32cube.ide.mcu.externaltools.gnu-tools-for-stm32.12.3.rel1.macos64_1.0.200.202406191456/tools/bin/../lib/gcc/arm-none-eabi/12.3.1/../../../../arm-none-eabi/lib/thumb/v7e-m+fp/hard/libc_nano.a(libc_a-writer.o)
                0x0800b74c                _write_r
 .text.__assert_func
                0x0800b770       0x3c /Applications/STM32CubeIDE.app/Contents/Eclipse/plugins/com.st.stm32cube.ide.mcu.externaltools.gnu-tools-for-stm32.12.3.rel1.macos64_1.0.200.202406191456/tools/bin/../lib/gcc/arm-none-eabi/12.3.1/../../../../arm-none-eabi/lib/thumb/v7e-m+fp/hard/libc_nano.a(libc_a-assert.o)
                0x0800b770                __assert_func
 .text._calloc_r
                0x0800b7ac       0x28 /Applications/STM32CubeIDE.app/Contents/Eclipse/plugins/com.st.stm32cube.ide.mcu.externaltools.gnu-tools-for-stm32.12.3.rel1.macos64_1.0.200.202406191456/tools/bin/../lib/gcc/arm-none-eabi/12.3.1/../../../../arm-none-eabi/lib/thumb/v7e-m+fp/hard/libc_nano.a(libc_a-callocr.o)
                0x0800b7ac                _calloc_r
 .text._free_r  0x0800b7d4       0x94 /Applications/STM32CubeIDE.app/Contents/Eclipse/plugins/com.st.stm32cube.ide.mcu.externaltools.gnu-tools-for-stm32.12.3.rel1.macos64_1.0.200.202406191456/tools/bin/../lib/gcc/arm-none-eabi/12.3.1/../../../../arm-none-eabi/lib/thumb/v7e-m+fp/hard/libc_nano.a(libc_a-freer.o)
                0x0800b7d4                _free_r
 .text._malloc_usable_size_r
                0x0800b868       0x10 /Applications/STM32CubeIDE.app/Contents/Eclipse/plugins/com.st.stm32cube.ide.mcu.externaltools.gnu-tools-for-stm32.12.3.rel1.macos64_1.0.200.202406191456/tools/bin/../lib/gcc/arm-none-eabi/12.3.1/../../../../arm-none-eabi/lib/thumb/v7e-m+fp/hard/libc_nano.a(libc_a-msizer.o)
                0x0800b868                _malloc_usable_size_r
 .text.fprintf  0x0800b878       0x24 /Applications/STM32CubeIDE.app/Contents/Eclipse/plugins/com.st.stm32cube.ide.mcu.externaltools.gnu-tools-for-stm32.12.3.rel1.macos64_1.0.200.202406191456/tools/bin/../lib/gcc/arm-none-eabi/12.3.1/../../../../arm-none-eabi/lib/thumb/v7e-m+fp/hard/libc_nano.a(libc_a-fprintf.o)
                0x0800b878                fprintf
                0x0800b878                fiprintf
 .text.abort    0x0800b89c        0xe /Applications/STM32CubeIDE.app/Contents/Eclipse/plugins/com.st.stm32cube.ide.mcu.externaltools.gnu-tools-for-stm32.12.3.rel1.macos64_1.0.200.202406191456/tools/bin/../lib/gcc/arm-none-eabi/12.3.1/../../../../arm-none-eabi/lib/thumb/v7e-m+fp/hard/libc_nano.a(libc_a-abort.o)
                0x0800b89c                abort
 .text._raise_r
                0x0800b8aa       0x50 /Applications/STM32CubeIDE.app/Contents/Eclipse/plugins/com.st.stm32cube.ide.mcu.externaltools.gnu-tools-for-stm32.12.3.rel1.macos64_1.0.200.202406191456/tools/bin/../lib/gcc/arm-none-eabi/12.3.1/../../../../arm-none-eabi/lib/thumb/v7e-m+fp/hard/libc_nano.a(libc_a-signal.o)
                0x0800b8aa                _raise_r
 *fill*         0x0800b8fa        0x2 
 .text.raise    0x0800b8fc       0x10 /Applications/STM32CubeIDE.app/Contents/Eclipse/plugins/com.st.stm32cube.ide.mcu.externaltools.gnu-tools-for-stm32.12.3.rel1.macos64_1.0.200.202406191456/tools/bin/../lib/gcc/arm-none-eabi/12.3.1/../../../../arm-none-eabi/lib/thumb/v7e-m+fp/hard/libc_nano.a(libc_a-signal.o)
                0x0800b8fc                raise
 .text._kill_r  0x0800b90c       0x24 /Applications/STM32CubeIDE.app/Contents/Eclipse/plugins/com.st.stm32cube.ide.mcu.externaltools.gnu-tools-for-stm32.12.3.rel1.macos64_1.0.200.202406191456/tools/bin/../lib/gcc/arm-none-eabi/12.3.1/../../../../arm-none-eabi/lib/thumb/v7e-m+fp/hard/libc_nano.a(libc_a-signalr.o)
                0x0800b90c                _kill_r
 .text._getpid_r
                0x0800b930        0x4 /Applications/STM32CubeIDE.app/Contents/Eclipse/plugins/com.st.stm32cube.ide.mcu.externaltools.gnu-tools-for-stm32.12.3.rel1.macos64_1.0.200.202406191456/tools/bin/../lib/gcc/arm-none-eabi/12.3.1/../../../../arm-none-eabi/lib/thumb/v7e-m+fp/hard/libc_nano.a(libc_a-signalr.o)
                0x0800b930                _getpid_r
 .text.atan2    0x0800b934        0x4 /Applications/STM32CubeIDE.app/Contents/Eclipse/plugins/com.st.stm32cube.ide.mcu.externaltools.gnu-tools-for-stm32.12.3.rel1.macos64_1.0.200.202406191456/tools/bin/../lib/gcc/arm-none-eabi/12.3.1/../../../../arm-none-eabi/lib/thumb/v7e-m+fp/hard/libm.a(libm_a-w_atan2.o)
                0x0800b934                atan2
 .text.__ieee754_atan2
                0x0800b938      0x18c /Applications/STM32CubeIDE.app/Contents/Eclipse/plugins/com.st.stm32cube.ide.mcu.externaltools.gnu-tools-for-stm32.12.3.rel1.macos64_1.0.200.202406191456/tools/bin/../lib/gcc/arm-none-eabi/12.3.1/../../../../arm-none-eabi/lib/thumb/v7e-m+fp/hard/libm.a(libm_a-e_atan2.o)
                0x0800b938                __ieee754_atan2
 .text.sqrtf    0x0800bac4       0x3c /Applications/STM32CubeIDE.app/Contents/Eclipse/plugins/com.st.stm32cube.ide.mcu.externaltools.gnu-tools-for-stm32.12.3.rel1.macos64_1.0.200.202406191456/tools/bin/../lib/gcc/arm-none-eabi/12.3.1/../../../../arm-none-eabi/lib/thumb/v7e-m+fp/hard/libm.a(libm_a-wf_sqrt.o)