../Core/Src/main.c:76:1:__io_putchar	16	static
../Core/Src/main.c:104:5:main	104	static
../Core/Src/main.c:195:6:SystemClock_Config	96	static
../Core/Src/main.c:246:13:MX_I2C2_Init	8	static
../Core/Src/main.c:294:13:MX_USART1_UART_Init	8	static
../Core/Src/main.c:342:13:MX_GPIO_Init	40	static
../Core/Src/main.c:373:6:printAcceleration	16	static
../Core/Src/main.c:377:6:printGyroscope	16	static
../Core/Src/main.c:381:6:printMagnetometer	16	static
../Core/Src/main.c:395:6:StartButtonTask	16	static
../Core/Src/main.c:430:6:StartTerminalTask	24	static
../Core/Src/main.c:461:6:StartSensorTask	16	static
../Core/Src/main.c:486:6:HAL_TIM_PeriodElapsedCallback	16	static
../Core/Src/main.c:503:6:Error_Handler	4	static,ignoring_inline_asm
