../Core/Src/main.c:714:6:StartSensorTask	40	static
../Core/Src/main.c:83:1:__io_putchar	16	static
../Core/Src/main.c:402:6:printAcceleration	8	static
../Core/Src/main.c:406:6:printGyroscope	8	static
../Core/Src/main.c:410:6:printMagnetometer	8	static
../Core/Src/main.c:414:6:srand	0	static
../Core/Src/main.c:418:10:rand	0	static
../Core/Src/main.c:423:10:getRandomNumber0to6	8	static
../Core/Src/main.c:429:6:generateObstacles	16	static
../Core/Src/main.c:448:6:initializeBoard	0	static
../Core/Src/main.c:458:5:generateBoard	32	static
../Core/Src/main.c:487:6:displayBoard	32	static
../Core/Src/main.c:511:6:printGameOver	8	static
../Core/Src/main.c:528:6:printWinner	8	static
../Core/Src/main.c:637:6:StartTerminalTask	8	static
../Core/Src/main.c:545:6:displayMenu	8	static
../Core/Src/main.c:591:6:StartButtonTask	8	static
../Core/Src/main.c:747:6:HAL_TIM_PeriodElapsedCallback	8	static
../Core/Src/main.c:764:6:Error_Handler	8	static,ignoring_inline_asm
../Core/Src/main.c:224:6:SystemClock_Config	96	static
../Core/Src/main.c:127:5:main	128	static
