../Core/Src/main.c:845:6:StartSensorTask	40	static
../Core/Src/main.c:89:1:__io_putchar	16	static
../Core/Src/main.c:463:6:printAcceleration	8	static
../Core/Src/main.c:467:6:printGyroscope	8	static
../Core/Src/main.c:471:6:printMagnetometer	8	static
../Core/Src/main.c:475:6:srand	0	static
../Core/Src/main.c:479:10:rand	0	static
../Core/Src/main.c:484:10:getRandomNumber0to6	8	static
../Core/Src/main.c:490:6:generateObstacles	16	static
../Core/Src/main.c:513:6:initializeBoard	0	static
../Core/Src/main.c:522:6:clearCarPosition	32	static
../Core/Src/main.c:568:6:displayBoard	32	static
../Core/Src/main.c:592:6:printGameOver	8	static
../Core/Src/main.c:609:6:printWinner	8	static
../Core/Src/main.c:626:6:displayMenu	8	static
../Core/Src/main.c:710:6:StartButtonTask	8	static
../Core/Src/main.c:670:6:beep	24	static
../Core/Src/main.c:681:6:playOutOfBoundsBeep	8	static
../Core/Src/main.c:685:6:playGameOverSound	32	static
../Core/Src/main.c:693:6:playLevelCompleteSound	32	static
../Core/Src/main.c:535:5:generateBoard	32	static
../Core/Src/main.c:761:6:StartTerminalTask	8	static
../Core/Src/main.c:878:6:HAL_TIM_PeriodElapsedCallback	8	static
../Core/Src/main.c:895:6:Error_Handler	8	static,ignoring_inline_asm
../Core/Src/main.c:233:6:SystemClock_Config	96	static
../Core/Src/main.c:135:5:main	152	static
